#
# There is insufficient memory for the Java Runtime Environment to continue.
# Native memory allocation (malloc) failed to allocate 1502576 bytes for Chunk::new
# Possible reasons:
#   The system is out of physical RAM or swap space
#   The process is running with CompressedOops enabled, and the Java Heap may be blocking the growth of the native heap
# Possible solutions:
#   Reduce memory load on the system
#   Increase physical memory or swap space
#   Check if swap backing store is full
#   Decrease Java heap size (-Xmx/-Xms)
#   Decrease number of Java threads
#   Decrease Java thread stack sizes (-Xss)
#   Set larger code cache with -XX:ReservedCodeCacheSize=
#   JVM is running with Unscaled Compressed Oops mode in which the Java heap is
#     placed in the first 4GB address space. The Java Heap base address is the
#     maximum limit for the native heap growth. Please use -XX:HeapBaseMinAddress
#     to set the Java Heap base and to place the Java Heap above 4GB virtual address.
# This output file may be truncated or incomplete.
#
#  Out of Memory Error (./src/hotspot/share/memory/arena.cpp:197), pid=15680, tid=15884
#
# JRE version: OpenJDK Runtime Environment (11.0.13) (build 11.0.13+0-b1751.21-8125866)
# Java VM: OpenJDK 64-Bit Server VM (11.0.13+0-b1751.21-8125866, mixed mode, tiered, compressed oops, g1 gc, windows-amd64)
# No core dump will be written. Minidumps are not enabled by default on client versions of Windows
#

---------------  S U M M A R Y ------------

Command Line: -XX:MaxMetaspaceSize=512m --add-opens=java.base/java.util=ALL-UNNAMED --add-opens=java.base/java.lang=ALL-UNNAMED --add-opens=java.base/java.lang.invoke=ALL-UNNAMED --add-opens=java.base/java.util=ALL-UNNAMED --add-opens=java.prefs/java.util.prefs=ALL-UNNAMED --add-opens=java.prefs/java.util.prefs=ALL-UNNAMED --add-opens=java.base/java.nio.charset=ALL-UNNAMED --add-opens=java.base/java.net=ALL-UNNAMED --add-opens=java.base/java.util.concurrent.atomic=ALL-UNNAMED -Xmx2048m -Dfile.encoding=windows-1252 -Duser.country=US -Duser.language=en -Duser.variant org.gradle.launcher.daemon.bootstrap.GradleDaemon 7.5.1

Host: Intel(R) Core(TM) i3-6006U CPU @ 2.00GHz, 4 cores, 7G,  Windows 10 , 64 bit Build 19041 (10.0.19041.2913)
Time: Mon Jun  5 00:05:16 2023 SE Asia Standard Time elapsed time: 97.221507 seconds (0d 0h 1m 37s)

---------------  T H R E A D  ---------------

Current thread (0x00000273ed5a3000):  JavaThread "C2 CompilerThread0" daemon [_thread_in_native, id=15884, stack(0x0000009651800000,0x0000009651900000)]


Current CompileTask:
C2:  97221 8682       4       org.gradle.internal.service.DefaultServiceRegistry$SingletonService::get (5 bytes)

Stack: [0x0000009651800000,0x0000009651900000]
Native frames: (J=compiled Java code, j=interpreted, Vv=VM code, C=native code)
V  [jvm.dll+0x6100fa]
V  [jvm.dll+0x747090]
V  [jvm.dll+0x7486ad]
V  [jvm.dll+0x748d83]
V  [jvm.dll+0x24ab48]
V  [jvm.dll+0xc04dc]
V  [jvm.dll+0xc0a0c]
V  [jvm.dll+0x35eb9d]
V  [jvm.dll+0x19d7bc]
V  [jvm.dll+0x2033be]
V  [jvm.dll+0x202437]
V  [jvm.dll+0x188e01]
V  [jvm.dll+0x21106b]
V  [jvm.dll+0x20f8c1]
V  [jvm.dll+0x70de0f]
V  [jvm.dll+0x706a75]
V  [jvm.dll+0x60ed66]
C  [ucrtbase.dll+0x21bb2]
C  [KERNEL32.DLL+0x17614]
C  [ntdll.dll+0x526a1]


---------------  P R O C E S S  ---------------

Threads class SMR info:
_java_thread_list=0x00000273f357aa40, length=88, elements={
0x00000273d196e000, 0x00000273ed57d800, 0x00000273ed57e800, 0x00000273ed59a000,
0x00000273ed59e000, 0x00000273ed59f800, 0x00000273ed5a3000, 0x00000273ed5a9000,
0x00000273ed5ab000, 0x00000273ee054800, 0x00000273f00bd800, 0x00000273efa52800,
0x00000273f031b000, 0x00000273ef2a0800, 0x00000273f02ab000, 0x00000273eed4f000,
0x00000273ef2b1800, 0x00000273ee42b800, 0x00000273f05df000, 0x00000273f0360800,
0x00000273f0361000, 0x00000273f0362000, 0x00000273f0363000, 0x00000273f035d000,
0x00000273f0363800, 0x00000273f035e000, 0x00000273f035f000, 0x00000273f035f800,
0x00000273f0b0f800, 0x00000273f0b10800, 0x00000273f0b0b800, 0x00000273f0b11000,
0x00000273f0b0e000, 0x00000273f0b0c000, 0x00000273f0b12800, 0x00000273f0b13800,
0x00000273f0b14800, 0x00000273f0b0e800, 0x00000273f0b15000, 0x00000273f0b17000,
0x00000273f0b1a000, 0x00000273f0b19000, 0x00000273f0b16000, 0x00000273f0b18800,
0x00000273f0b17800, 0x00000273f0745000, 0x00000273f0741000, 0x00000273f0743800,
0x00000273f0744800, 0x00000273f0742800, 0x00000273f0746000, 0x00000273f0740000,
0x00000273f0746800, 0x00000273f0747800, 0x00000273f0742000, 0x00000273f074a000,
0x00000273f074c800, 0x00000273f074b000, 0x00000273f0749000, 0x00000273f074d000,
0x00000273f074b800, 0x00000273f074e000, 0x00000273f0748800, 0x00000273f074f000,
0x00000273f3deb800, 0x00000273f3def000, 0x00000273f3ded000, 0x00000273f3dec800,
0x00000273f3dee000, 0x00000273f3def800, 0x00000273f3deb000, 0x00000273f3dea000,
0x00000273f3df6000, 0x00000273f3df2000, 0x00000273f3df1800, 0x00000273f3df3000,
0x00000273f3df4000, 0x00000273f3df4800, 0x00000273f3df5800, 0x00000273f3df0800,
0x00000273f3df7000, 0x00000273f3df8000, 0x00000273f3df8800, 0x00000273efa57000,
0x00000273efa59000, 0x00000273efa56800, 0x00000273efa58000, 0x00000273ee1a7800
}

Java Threads: ( => current thread )
  0x00000273d196e000 JavaThread "main" [_thread_blocked, id=8256, stack(0x0000009650c00000,0x0000009650d00000)]
  0x00000273ed57d800 JavaThread "Reference Handler" daemon [_thread_blocked, id=1420, stack(0x0000009651300000,0x0000009651400000)]
  0x00000273ed57e800 JavaThread "Finalizer" daemon [_thread_blocked, id=7544, stack(0x0000009651400000,0x0000009651500000)]
  0x00000273ed59a000 JavaThread "Signal Dispatcher" daemon [_thread_blocked, id=2856, stack(0x0000009651500000,0x0000009651600000)]
  0x00000273ed59e000 JavaThread "Attach Listener" daemon [_thread_blocked, id=10000, stack(0x0000009651600000,0x0000009651700000)]
  0x00000273ed59f800 JavaThread "Service Thread" daemon [_thread_blocked, id=14652, stack(0x0000009651700000,0x0000009651800000)]
=>0x00000273ed5a3000 JavaThread "C2 CompilerThread0" daemon [_thread_in_native, id=15884, stack(0x0000009651800000,0x0000009651900000)]
  0x00000273ed5a9000 JavaThread "C1 CompilerThread0" daemon [_thread_blocked, id=3336, stack(0x0000009651900000,0x0000009651a00000)]
  0x00000273ed5ab000 JavaThread "Sweeper thread" daemon [_thread_blocked, id=2700, stack(0x0000009651a00000,0x0000009651b00000)]
  0x00000273ee054800 JavaThread "Common-Cleaner" daemon [_thread_blocked, id=6756, stack(0x0000009651b00000,0x0000009651c00000)]
  0x00000273f00bd800 JavaThread "Daemon health stats" [_thread_blocked, id=10512, stack(0x0000009652000000,0x0000009652100000)]
  0x00000273efa52800 JavaThread "Incoming local TCP Connector on port 52952" [_thread_in_native, id=15344, stack(0x0000009651d00000,0x0000009651e00000)]
  0x00000273f031b000 JavaThread "Daemon periodic checks" [_thread_blocked, id=12824, stack(0x0000009652100000,0x0000009652200000)]
  0x00000273ef2a0800 JavaThread "Daemon" [_thread_blocked, id=14528, stack(0x0000009652200000,0x0000009652300000)]
  0x00000273f02ab000 JavaThread "Handler for socket connection from /127.0.0.1:52952 to /127.0.0.1:52954" [_thread_in_native, id=13788, stack(0x0000009652300000,0x0000009652400000)]
  0x00000273eed4f000 JavaThread "Cancel handler" [_thread_blocked, id=1652, stack(0x0000009652400000,0x0000009652500000)]
  0x00000273ef2b1800 JavaThread "Daemon worker" [_thread_blocked, id=12716, stack(0x0000009652500000,0x0000009652600000)]
  0x00000273ee42b800 JavaThread "Asynchronous log dispatcher for DefaultDaemonConnection: socket connection from /127.0.0.1:52952 to /127.0.0.1:52954" [_thread_blocked, id=15224, stack(0x0000009652600000,0x0000009652700000)]
  0x00000273f05df000 JavaThread "Stdin handler" [_thread_blocked, id=10740, stack(0x0000009652700000,0x0000009652800000)]
  0x00000273f0360800 JavaThread "Daemon client event forwarder" [_thread_blocked, id=9100, stack(0x0000009652800000,0x0000009652900000)]
  0x00000273f0361000 JavaThread "Cache worker for journal cache (C:\Users\ASUS\.gradle\caches\journal-1)" [_thread_blocked, id=4640, stack(0x0000009652a00000,0x0000009652b00000)]
  0x00000273f0362000 JavaThread "File lock request listener" [_thread_in_native, id=13852, stack(0x0000009652b00000,0x0000009652c00000)]
  0x00000273f0363000 JavaThread "Cache worker for file hash cache (C:\Users\ASUS\.gradle\caches\7.5.1\fileHashes)" [_thread_blocked, id=15944, stack(0x0000009652c00000,0x0000009652d00000)]
  0x00000273f035d000 JavaThread "File watcher server" daemon [_thread_in_native, id=6516, stack(0x0000009652e00000,0x0000009652f00000)]
  0x00000273f0363800 JavaThread "File watcher consumer" daemon [_thread_blocked, id=1884, stack(0x0000009652f00000,0x0000009653000000)]
  0x00000273f035e000 JavaThread "Cache worker for checksums cache (D:\app\mobile-tatas-cli\android\.gradle\7.5.1\checksums)" [_thread_blocked, id=11068, stack(0x0000009653000000,0x0000009653100000)]
  0x00000273f035f000 JavaThread "Cache worker for cache directory md-rule (C:\Users\ASUS\.gradle\caches\7.5.1\md-rule)" [_thread_blocked, id=15720, stack(0x0000009653100000,0x0000009653200000)]
  0x00000273f035f800 JavaThread "Cache worker for file content cache (C:\Users\ASUS\.gradle\caches\7.5.1\fileContent)" [_thread_blocked, id=11764, stack(0x0000009653200000,0x0000009653300000)]
  0x00000273f0b0f800 JavaThread "Cache worker for file hash cache (D:\app\mobile-tatas-cli\android\.gradle\7.5.1\fileHashes)" [_thread_blocked, id=13524, stack(0x0000009653300000,0x0000009653400000)]
  0x00000273f0b10800 JavaThread "Cache worker for cache directory md-supplier (C:\Users\ASUS\.gradle\caches\7.5.1\md-supplier)" [_thread_blocked, id=6980, stack(0x0000009653400000,0x0000009653500000)]
  0x00000273f0b0b800 JavaThread "Cache worker for execution history cache (C:\Users\ASUS\.gradle\caches\7.5.1\executionHistory)" [_thread_blocked, id=3272, stack(0x0000009653500000,0x0000009653600000)]
  0x00000273f0b11000 JavaThread "jar transforms" [_thread_blocked, id=13540, stack(0x0000009653600000,0x0000009653700000)]
  0x00000273f0b0e000 JavaThread "jar transforms Thread 2" [_thread_blocked, id=14888, stack(0x0000009653700000,0x0000009653800000)]
  0x00000273f0b0c000 JavaThread "jar transforms Thread 3" [_thread_blocked, id=14356, stack(0x0000009653800000,0x0000009653900000)]
  0x00000273f0b12800 JavaThread "jar transforms Thread 4" [_thread_blocked, id=14444, stack(0x0000009653900000,0x0000009653a00000)]
  0x00000273f0b13800 JavaThread "File lock release action executor" [_thread_blocked, id=5672, stack(0x0000009653b00000,0x0000009653c00000)]
  0x00000273f0b14800 JavaThread "Cache worker for kotlin-dsl (C:\Users\ASUS\.gradle\caches\7.5.1\kotlin-dsl)" [_thread_blocked, id=8444, stack(0x0000009650a00000,0x0000009650b00000)]
  0x00000273f0b0e800 JavaThread "Cache worker for dependencies-accessors (D:\app\mobile-tatas-cli\android\.gradle\7.5.1\dependencies-accessors)" [_thread_blocked, id=15152, stack(0x0000009650900000,0x0000009650a00000)]
  0x00000273f0b15000 JavaThread "Cache worker for Build Output Cleanup Cache (D:\app\mobile-tatas-cli\node_modules\react-native-gradle-plugin\.gradle\buildOutputCleanup)" [_thread_blocked, id=14756, stack(0x0000009653c00000,0x0000009653d00000)]
  0x00000273f0b17000 JavaThread "Unconstrained build operations" [_thread_blocked, id=4504, stack(0x0000009653d00000,0x0000009653e00000)]
  0x00000273f0b1a000 JavaThread "Unconstrained build operations Thread 2" [_thread_blocked, id=14884, stack(0x0000009653e00000,0x0000009653f00000)]
  0x00000273f0b19000 JavaThread "Unconstrained build operations Thread 3" [_thread_blocked, id=14040, stack(0x0000009653f00000,0x0000009654000000)]
  0x00000273f0b16000 JavaThread "Unconstrained build operations Thread 4" [_thread_blocked, id=5136, stack(0x0000009654000000,0x0000009654100000)]
  0x00000273f0b18800 JavaThread "Unconstrained build operations Thread 5" [_thread_blocked, id=15036, stack(0x0000009654100000,0x0000009654200000)]
  0x00000273f0b17800 JavaThread "Unconstrained build operations Thread 6" [_thread_blocked, id=12912, stack(0x0000009654200000,0x0000009654300000)]
  0x00000273f0745000 JavaThread "Unconstrained build operations Thread 7" [_thread_blocked, id=1864, stack(0x0000009654300000,0x0000009654400000)]
  0x00000273f0741000 JavaThread "Unconstrained build operations Thread 8" [_thread_blocked, id=9572, stack(0x0000009654400000,0x0000009654500000)]
  0x00000273f0743800 JavaThread "Unconstrained build operations Thread 9" [_thread_blocked, id=14428, stack(0x0000009654500000,0x0000009654600000)]
  0x00000273f0744800 JavaThread "Unconstrained build operations Thread 10" [_thread_blocked, id=11224, stack(0x0000009654600000,0x0000009654700000)]
  0x00000273f0742800 JavaThread "Unconstrained build operations Thread 11" [_thread_blocked, id=16092, stack(0x0000009654700000,0x0000009654800000)]
  0x00000273f0746000 JavaThread "Unconstrained build operations Thread 12" [_thread_blocked, id=16360, stack(0x0000009654800000,0x0000009654900000)]
  0x00000273f0740000 JavaThread "Unconstrained build operations Thread 13" [_thread_blocked, id=1284, stack(0x0000009654900000,0x0000009654a00000)]
  0x00000273f0746800 JavaThread "Unconstrained build operations Thread 14" [_thread_blocked, id=5108, stack(0x0000009654a00000,0x0000009654b00000)]
  0x00000273f0747800 JavaThread "Unconstrained build operations Thread 15" [_thread_blocked, id=14116, stack(0x0000009654b00000,0x0000009654c00000)]
  0x00000273f0742000 JavaThread "Unconstrained build operations Thread 16" [_thread_blocked, id=14640, stack(0x0000009654c00000,0x0000009654d00000)]
  0x00000273f074a000 JavaThread "Unconstrained build operations Thread 17" [_thread_blocked, id=12816, stack(0x0000009654d00000,0x0000009654e00000)]
  0x00000273f074c800 JavaThread "Unconstrained build operations Thread 18" [_thread_blocked, id=7844, stack(0x0000009654e00000,0x0000009654f00000)]
  0x00000273f074b000 JavaThread "Unconstrained build operations Thread 19" [_thread_blocked, id=13352, stack(0x0000009654f00000,0x0000009655000000)]
  0x00000273f0749000 JavaThread "Unconstrained build operations Thread 20" [_thread_blocked, id=16016, stack(0x0000009655000000,0x0000009655100000)]
  0x00000273f074d000 JavaThread "Unconstrained build operations Thread 21" [_thread_blocked, id=440, stack(0x0000009655100000,0x0000009655200000)]
  0x00000273f074b800 JavaThread "Unconstrained build operations Thread 22" [_thread_blocked, id=7908, stack(0x0000009655200000,0x0000009655300000)]
  0x00000273f074e000 JavaThread "Unconstrained build operations Thread 23" [_thread_blocked, id=12444, stack(0x0000009655300000,0x0000009655400000)]
  0x00000273f0748800 JavaThread "Unconstrained build operations Thread 24" [_thread_blocked, id=15904, stack(0x0000009655400000,0x0000009655500000)]
  0x00000273f074f000 JavaThread "Unconstrained build operations Thread 25" [_thread_blocked, id=16212, stack(0x0000009655500000,0x0000009655600000)]
  0x00000273f3deb800 JavaThread "Unconstrained build operations Thread 26" [_thread_blocked, id=2900, stack(0x0000009655600000,0x0000009655700000)]
  0x00000273f3def000 JavaThread "Unconstrained build operations Thread 27" [_thread_blocked, id=14192, stack(0x0000009655700000,0x0000009655800000)]
  0x00000273f3ded000 JavaThread "Unconstrained build operations Thread 28" [_thread_blocked, id=15380, stack(0x0000009655800000,0x0000009655900000)]
  0x00000273f3dec800 JavaThread "Unconstrained build operations Thread 29" [_thread_blocked, id=14720, stack(0x0000009655900000,0x0000009655a00000)]
  0x00000273f3dee000 JavaThread "Unconstrained build operations Thread 30" [_thread_blocked, id=15872, stack(0x0000009655a00000,0x0000009655b00000)]
  0x00000273f3def800 JavaThread "Unconstrained build operations Thread 31" [_thread_blocked, id=8952, stack(0x0000009655b00000,0x0000009655c00000)]
  0x00000273f3deb000 JavaThread "Unconstrained build operations Thread 32" [_thread_blocked, id=7300, stack(0x0000009655c00000,0x0000009655d00000)]
  0x00000273f3dea000 JavaThread "Unconstrained build operations Thread 33" [_thread_blocked, id=15156, stack(0x0000009655d00000,0x0000009655e00000)]
  0x00000273f3df6000 JavaThread "build event listener" [_thread_blocked, id=1088, stack(0x0000009655e00000,0x0000009655f00000)]
  0x00000273f3df2000 JavaThread "Memory manager" [_thread_blocked, id=7616, stack(0x0000009656000000,0x0000009656100000)]
  0x00000273f3df1800 JavaThread "Cache worker for Build Output Cleanup Cache (D:\app\mobile-tatas-cli\android\.gradle\buildOutputCleanup)" [_thread_blocked, id=13292, stack(0x0000009655f00000,0x0000009656000000)]
  0x00000273f3df3000 JavaThread "included builds" [_thread_blocked, id=12160, stack(0x0000009656200000,0x0000009656300000)]
  0x00000273f3df4000 JavaThread "Execution worker" [_thread_blocked, id=2944, stack(0x0000009656300000,0x0000009656400000)]
  0x00000273f3df4800 JavaThread "Execution worker Thread 2" [_thread_blocked, id=11260, stack(0x0000009656400000,0x0000009656500000)]
  0x00000273f3df5800 JavaThread "Execution worker Thread 3" [_thread_blocked, id=15308, stack(0x0000009656500000,0x0000009656600000)]
  0x00000273f3df0800 JavaThread "Cache worker for execution history cache (D:\app\mobile-tatas-cli\node_modules\react-native-gradle-plugin\.gradle\7.5.1\executionHistory)" [_thread_blocked, id=5200, stack(0x0000009656600000,0x0000009656700000)]
  0x00000273f3df7000 JavaThread "Unconstrained build operations Thread 34" [_thread_blocked, id=7804, stack(0x0000009656100000,0x0000009656200000)]
  0x00000273f3df8000 JavaThread "Unconstrained build operations Thread 35" [_thread_blocked, id=12328, stack(0x0000009656700000,0x0000009656800000)]
  0x00000273f3df8800 JavaThread "Unconstrained build operations Thread 36" [_thread_blocked, id=5052, stack(0x0000009656800000,0x0000009656900000)]
  0x00000273efa57000 JavaThread "Unconstrained build operations Thread 37" [_thread_blocked, id=15188, stack(0x0000009656900000,0x0000009656a00000)]
  0x00000273efa59000 JavaThread "Unconstrained build operations Thread 38" [_thread_blocked, id=15552, stack(0x0000009656a00000,0x0000009656b00000)]
  0x00000273efa56800 JavaThread "Unconstrained build operations Thread 39" [_thread_blocked, id=12532, stack(0x0000009656b00000,0x0000009656c00000)]
  0x00000273efa58000 JavaThread "Unconstrained build operations Thread 40" [_thread_blocked, id=13244, stack(0x0000009656c00000,0x0000009656d00000)]
  0x00000273ee1a7800 JavaThread "C2 CompilerThread1" daemon [_thread_in_native, id=8380, stack(0x0000009656d00000,0x0000009656e00000)]

Other Threads:
  0x00000273ed57a000 VMThread "VM Thread" [stack: 0x0000009651200000,0x0000009651300000] [id=15504]
  0x00000273ee08d000 WatcherThread [stack: 0x0000009651c00000,0x0000009651d00000] [id=15916]
  0x00000273d1a32800 GCTaskThread "GC Thread#0" [stack: 0x0000009650d00000,0x0000009650e00000] [id=14424]
  0x00000273ee87e800 GCTaskThread "GC Thread#1" [stack: 0x0000009651e00000,0x0000009651f00000] [id=9284]
  0x00000273ee637000 GCTaskThread "GC Thread#2" [stack: 0x0000009651f00000,0x0000009652000000] [id=8476]
  0x00000273ef20f000 GCTaskThread "GC Thread#3" [stack: 0x0000009652900000,0x0000009652a00000] [id=11020]
  0x00000273d1a62000 ConcurrentGCThread "G1 Main Marker" [stack: 0x0000009650e00000,0x0000009650f00000] [id=13336]
  0x00000273d1a63800 ConcurrentGCThread "G1 Conc#0" [stack: 0x0000009650f00000,0x0000009651000000] [id=2216]
  0x00000273ed3f0800 ConcurrentGCThread "G1 Refine#0" [stack: 0x0000009651000000,0x0000009651100000] [id=9444]
  0x00000273ed3f1800 ConcurrentGCThread "G1 Young RemSet Sampling" [stack: 0x0000009651100000,0x0000009651200000] [id=3012]

Threads with active compile tasks:
C2 CompilerThread0  97292 8682       4       org.gradle.internal.service.DefaultServiceRegistry$SingletonService::get (5 bytes)
C2 CompilerThread1  97292 8683   !   4       org.gradle.internal.service.DefaultServiceRegistry$ManagedObjectServiceProvider::getInstance (47 bytes)

VM state:not at safepoint (normal execution)

VM Mutex/Monitor currently owned by a thread: None

Heap address: 0x0000000080000000, size: 2048 MB, Compressed Oops mode: 32-bit
Narrow klass base: 0x0000000000000000, Narrow klass shift: 3
Compressed class space size: 528482304 Address: 0x0000000100000000

Heap:
 garbage-first heap   total 157696K, used 68778K [0x0000000080000000, 0x0000000100000000)
  region size 1024K, 17 young (17408K), 11 survivors (11264K)
 Metaspace       used 77469K, capacity 79724K, committed 80080K, reserved 585728K
  class space    used 10040K, capacity 11012K, committed 11136K, reserved 516096K
Heap Regions: E=young(eden), S=young(survivor), O=old, HS=humongous(starts), HC=humongous(continues), CS=collection set, F=free, A=archive, TAMS=top-at-mark-start (previous, next)
|   0|0x0000000080000000, 0x0000000080100000, 0x0000000080100000|100%|HS|  |TAMS 0x0000000080100000, 0x0000000080000000| Complete 
|   1|0x0000000080100000, 0x0000000080200000, 0x0000000080200000|100%|HC|  |TAMS 0x0000000080200000, 0x0000000080100000| Complete 
|   2|0x0000000080200000, 0x0000000080300000, 0x0000000080300000|100%|HC|  |TAMS 0x0000000080300000, 0x0000000080200000| Complete 
|   3|0x0000000080300000, 0x0000000080400000, 0x0000000080400000|100%| O|  |TAMS 0x0000000080400000, 0x0000000080300000| Untracked 
|   4|0x0000000080400000, 0x0000000080500000, 0x0000000080500000|100%| O|  |TAMS 0x0000000080500000, 0x0000000080400000| Untracked 
|   5|0x0000000080500000, 0x0000000080600000, 0x0000000080600000|100%| O|  |TAMS 0x0000000080600000, 0x0000000080500000| Untracked 
|   6|0x0000000080600000, 0x0000000080700000, 0x0000000080700000|100%| O|  |TAMS 0x0000000080700000, 0x0000000080600000| Untracked 
|   7|0x0000000080700000, 0x0000000080800000, 0x0000000080800000|100%| O|  |TAMS 0x0000000080800000, 0x0000000080700000| Untracked 
|   8|0x0000000080800000, 0x0000000080900000, 0x0000000080900000|100%| O|  |TAMS 0x0000000080900000, 0x0000000080800000| Untracked 
|   9|0x0000000080900000, 0x0000000080a00000, 0x0000000080a00000|100%| O|  |TAMS 0x0000000080a00000, 0x0000000080900000| Untracked 
|  10|0x0000000080a00000, 0x0000000080b00000, 0x0000000080b00000|100%| O|  |TAMS 0x0000000080b00000, 0x0000000080a00000| Untracked 
|  11|0x0000000080b00000, 0x0000000080c00000, 0x0000000080c00000|100%| O|  |TAMS 0x0000000080c00000, 0x0000000080b00000| Untracked 
|  12|0x0000000080c00000, 0x0000000080d00000, 0x0000000080d00000|100%| O|  |TAMS 0x0000000080d00000, 0x0000000080c00000| Untracked 
|  13|0x0000000080d00000, 0x0000000080e00000, 0x0000000080e00000|100%| O|  |TAMS 0x0000000080e00000, 0x0000000080d00000| Untracked 
|  14|0x0000000080e00000, 0x0000000080f00000, 0x0000000080f00000|100%| O|  |TAMS 0x0000000080f00000, 0x0000000080e00000| Untracked 
|  15|0x0000000080f00000, 0x0000000081000000, 0x0000000081000000|100%| O|  |TAMS 0x0000000081000000, 0x0000000080f00000| Untracked 
|  16|0x0000000081000000, 0x0000000081100000, 0x0000000081100000|100%| O|  |TAMS 0x0000000081100000, 0x0000000081000000| Untracked 
|  17|0x0000000081100000, 0x0000000081200000, 0x0000000081200000|100%| O|  |TAMS 0x0000000081200000, 0x0000000081100000| Untracked 
|  18|0x0000000081200000, 0x0000000081300000, 0x0000000081300000|100%| O|  |TAMS 0x0000000081300000, 0x0000000081200000| Untracked 
|  19|0x0000000081300000, 0x0000000081400000, 0x0000000081400000|100%| O|  |TAMS 0x0000000081400000, 0x0000000081300000| Untracked 
|  20|0x0000000081400000, 0x0000000081500000, 0x0000000081500000|100%| O|  |TAMS 0x0000000081500000, 0x0000000081400000| Untracked 
|  21|0x0000000081500000, 0x0000000081600000, 0x0000000081600000|100%| O|  |TAMS 0x0000000081600000, 0x0000000081500000| Untracked 
|  22|0x0000000081600000, 0x0000000081700000, 0x0000000081700000|100%| O|  |TAMS 0x0000000081700000, 0x0000000081600000| Untracked 
|  23|0x0000000081700000, 0x0000000081800000, 0x0000000081800000|100%| O|  |TAMS 0x0000000081800000, 0x0000000081700000| Untracked 
|  24|0x0000000081800000, 0x0000000081900000, 0x0000000081900000|100%| O|  |TAMS 0x0000000081900000, 0x0000000081800000| Untracked 
|  25|0x0000000081900000, 0x0000000081a00000, 0x0000000081a00000|100%| O|  |TAMS 0x0000000081a00000, 0x0000000081900000| Untracked 
|  26|0x0000000081a00000, 0x0000000081b00000, 0x0000000081b00000|100%| O|  |TAMS 0x0000000081b00000, 0x0000000081a00000| Untracked 
|  27|0x0000000081b00000, 0x0000000081c00000, 0x0000000081c00000|100%|HS|  |TAMS 0x0000000081c00000, 0x0000000081b00000| Complete 
|  28|0x0000000081c00000, 0x0000000081d00000, 0x0000000081d00000|100%|HS|  |TAMS 0x0000000081d00000, 0x0000000081c00000| Complete 
|  29|0x0000000081d00000, 0x0000000081e00000, 0x0000000081e00000|100%|HC|  |TAMS 0x0000000081e00000, 0x0000000081d00000| Complete 
|  30|0x0000000081e00000, 0x0000000081f00000, 0x0000000081f00000|100%|HC|  |TAMS 0x0000000081f00000, 0x0000000081e00000| Complete 
|  31|0x0000000081f00000, 0x0000000082000000, 0x0000000082000000|100%| O|  |TAMS 0x0000000082000000, 0x0000000081f00000| Untracked 
|  32|0x0000000082000000, 0x0000000082100000, 0x0000000082100000|100%| O|  |TAMS 0x0000000082100000, 0x0000000082000000| Untracked 
|  33|0x0000000082100000, 0x0000000082200000, 0x0000000082200000|100%| O|  |TAMS 0x0000000082200000, 0x0000000082100000| Untracked 
|  34|0x0000000082200000, 0x0000000082300000, 0x0000000082300000|100%| O|  |TAMS 0x000000008223a400, 0x0000000082200000| Untracked 
|  35|0x0000000082300000, 0x0000000082400000, 0x0000000082400000|100%| O|  |TAMS 0x0000000082300000, 0x0000000082300000| Untracked 
|  36|0x0000000082400000, 0x0000000082500000, 0x0000000082500000|100%| O|  |TAMS 0x0000000082400000, 0x0000000082400000| Untracked 
|  37|0x0000000082500000, 0x0000000082600000, 0x0000000082600000|100%| O|  |TAMS 0x0000000082500000, 0x0000000082500000| Untracked 
|  38|0x0000000082600000, 0x0000000082700000, 0x0000000082700000|100%| O|  |TAMS 0x0000000082600000, 0x0000000082600000| Untracked 
|  39|0x0000000082700000, 0x0000000082800000, 0x0000000082800000|100%| O|  |TAMS 0x0000000082700000, 0x0000000082700000| Untracked 
|  40|0x0000000082800000, 0x0000000082900000, 0x0000000082900000|100%| O|  |TAMS 0x0000000082800000, 0x0000000082800000| Untracked 
|  41|0x0000000082900000, 0x0000000082a00000, 0x0000000082a00000|100%| O|  |TAMS 0x0000000082900000, 0x0000000082900000| Untracked 
|  42|0x0000000082a00000, 0x0000000082b00000, 0x0000000082b00000|100%|HS|  |TAMS 0x0000000082a00000, 0x0000000082a00000| Complete 
|  43|0x0000000082b00000, 0x0000000082c00000, 0x0000000082c00000|100%|HS|  |TAMS 0x0000000082b00000, 0x0000000082b00000| Complete 
|  44|0x0000000082c00000, 0x0000000082c00000, 0x0000000082d00000|  0%| F|  |TAMS 0x0000000082c00000, 0x0000000082c00000| Untracked 
|  45|0x0000000082d00000, 0x0000000082e00000, 0x0000000082e00000|100%|HS|  |TAMS 0x0000000082d00000, 0x0000000082d00000| Complete 
|  46|0x0000000082e00000, 0x0000000082f00000, 0x0000000082f00000|100%|HC|  |TAMS 0x0000000082e00000, 0x0000000082e00000| Complete 
|  47|0x0000000082f00000, 0x0000000083000000, 0x0000000083000000|100%| O|  |TAMS 0x0000000082f00000, 0x0000000082f00000| Untracked 
|  48|0x0000000083000000, 0x0000000083100000, 0x0000000083100000|100%| O|  |TAMS 0x0000000083000000, 0x0000000083000000| Untracked 
|  49|0x0000000083100000, 0x0000000083200000, 0x0000000083200000|100%| O|  |TAMS 0x0000000083100000, 0x0000000083100000| Untracked 
|  50|0x0000000083200000, 0x0000000083300000, 0x0000000083300000|100%| O|  |TAMS 0x0000000083200000, 0x0000000083200000| Untracked 
|  51|0x0000000083300000, 0x0000000083400000, 0x0000000083400000|100%| O|  |TAMS 0x0000000083300000, 0x0000000083300000| Untracked 
|  52|0x0000000083400000, 0x000000008342aa00, 0x0000000083500000| 16%| O|  |TAMS 0x0000000083400000, 0x0000000083400000| Untracked 
|  53|0x0000000083500000, 0x0000000083500000, 0x0000000083600000|  0%| F|  |TAMS 0x0000000083500000, 0x0000000083500000| Untracked 
|  54|0x0000000083600000, 0x0000000083600000, 0x0000000083700000|  0%| F|  |TAMS 0x0000000083600000, 0x0000000083600000| Untracked 
|  55|0x0000000083700000, 0x0000000083700000, 0x0000000083800000|  0%| F|  |TAMS 0x0000000083700000, 0x0000000083700000| Untracked 
|  56|0x0000000083800000, 0x0000000083800000, 0x0000000083900000|  0%| F|  |TAMS 0x0000000083800000, 0x0000000083800000| Untracked 
|  57|0x0000000083900000, 0x0000000083900000, 0x0000000083a00000|  0%| F|  |TAMS 0x0000000083900000, 0x0000000083900000| Untracked 
|  58|0x0000000083a00000, 0x0000000083a00000, 0x0000000083b00000|  0%| F|  |TAMS 0x0000000083a00000, 0x0000000083a00000| Untracked 
|  59|0x0000000083b00000, 0x0000000083b00000, 0x0000000083c00000|  0%| F|  |TAMS 0x0000000083b00000, 0x0000000083b00000| Untracked 
|  60|0x0000000083c00000, 0x0000000083c00000, 0x0000000083d00000|  0%| F|  |TAMS 0x0000000083c00000, 0x0000000083c00000| Untracked 
|  61|0x0000000083d00000, 0x0000000083e00000, 0x0000000083e00000|100%| S|CS|TAMS 0x0000000083d00000, 0x0000000083d00000| Complete 
|  62|0x0000000083e00000, 0x0000000083f00000, 0x0000000083f00000|100%| S|CS|TAMS 0x0000000083e00000, 0x0000000083e00000| Complete 
|  63|0x0000000083f00000, 0x0000000083f00000, 0x0000000084000000|  0%| F|  |TAMS 0x0000000083f00000, 0x0000000083f00000| Untracked 
|  64|0x0000000084000000, 0x0000000084000000, 0x0000000084100000|  0%| F|  |TAMS 0x0000000084000000, 0x0000000084000000| Untracked 
|  65|0x0000000084100000, 0x0000000084100000, 0x0000000084200000|  0%| F|  |TAMS 0x0000000084100000, 0x0000000084100000| Untracked 
|  66|0x0000000084200000, 0x0000000084200000, 0x0000000084300000|  0%| F|  |TAMS 0x0000000084200000, 0x0000000084200000| Untracked 
|  67|0x0000000084300000, 0x0000000084300000, 0x0000000084400000|  0%| F|  |TAMS 0x0000000084300000, 0x0000000084300000| Untracked 
|  68|0x0000000084400000, 0x0000000084400000, 0x0000000084500000|  0%| F|  |TAMS 0x0000000084400000, 0x0000000084400000| Untracked 
|  69|0x0000000084500000, 0x0000000084500000, 0x0000000084600000|  0%| F|  |TAMS 0x0000000084500000, 0x0000000084500000| Untracked 
|  70|0x0000000084600000, 0x0000000084600000, 0x0000000084700000|  0%| F|  |TAMS 0x0000000084600000, 0x0000000084600000| Untracked 
|  71|0x0000000084700000, 0x0000000084700000, 0x0000000084800000|  0%| F|  |TAMS 0x0000000084700000, 0x0000000084700000| Untracked 
|  72|0x0000000084800000, 0x0000000084800000, 0x0000000084900000|  0%| F|  |TAMS 0x0000000084800000, 0x0000000084800000| Untracked 
|  73|0x0000000084900000, 0x0000000084a00000, 0x0000000084a00000|100%| S|CS|TAMS 0x0000000084900000, 0x0000000084900000| Complete 
|  74|0x0000000084a00000, 0x0000000084b00000, 0x0000000084b00000|100%| S|CS|TAMS 0x0000000084a00000, 0x0000000084a00000| Complete 
|  75|0x0000000084b00000, 0x0000000084c00000, 0x0000000084c00000|100%| S|CS|TAMS 0x0000000084b00000, 0x0000000084b00000| Complete 
|  76|0x0000000084c00000, 0x0000000084d00000, 0x0000000084d00000|100%| S|CS|TAMS 0x0000000084c00000, 0x0000000084c00000| Complete 
|  77|0x0000000084d00000, 0x0000000084e00000, 0x0000000084e00000|100%| S|CS|TAMS 0x0000000084d00000, 0x0000000084d00000| Complete 
|  78|0x0000000084e00000, 0x0000000084f00000, 0x0000000084f00000|100%| S|CS|TAMS 0x0000000084e00000, 0x0000000084e00000| Complete 
|  79|0x0000000084f00000, 0x0000000085000000, 0x0000000085000000|100%| S|CS|TAMS 0x0000000084f00000, 0x0000000084f00000| Complete 
|  80|0x0000000085000000, 0x0000000085100000, 0x0000000085100000|100%| S|CS|TAMS 0x0000000085000000, 0x0000000085000000| Complete 
|  81|0x0000000085100000, 0x0000000085200000, 0x0000000085200000|100%| S|CS|TAMS 0x0000000085100000, 0x0000000085100000| Complete 
|  82|0x0000000085200000, 0x0000000085200000, 0x0000000085300000|  0%| F|  |TAMS 0x0000000085200000, 0x0000000085200000| Untracked 
|  83|0x0000000085300000, 0x0000000085300000, 0x0000000085400000|  0%| F|  |TAMS 0x0000000085300000, 0x0000000085300000| Untracked 
|  84|0x0000000085400000, 0x0000000085400000, 0x0000000085500000|  0%| F|  |TAMS 0x0000000085400000, 0x0000000085400000| Untracked 
|  85|0x0000000085500000, 0x0000000085500000, 0x0000000085600000|  0%| F|  |TAMS 0x0000000085500000, 0x0000000085500000| Untracked 
|  86|0x0000000085600000, 0x0000000085600000, 0x0000000085700000|  0%| F|  |TAMS 0x0000000085600000, 0x0000000085600000| Untracked 
|  87|0x0000000085700000, 0x0000000085700000, 0x0000000085800000|  0%| F|  |TAMS 0x0000000085700000, 0x0000000085700000| Untracked 
|  88|0x0000000085800000, 0x0000000085800000, 0x0000000085900000|  0%| F|  |TAMS 0x0000000085800000, 0x0000000085800000| Untracked 
|  89|0x0000000085900000, 0x0000000085900000, 0x0000000085a00000|  0%| F|  |TAMS 0x0000000085900000, 0x0000000085900000| Untracked 
|  90|0x0000000085a00000, 0x0000000085a00000, 0x0000000085b00000|  0%| F|  |TAMS 0x0000000085a00000, 0x0000000085a00000| Untracked 
|  91|0x0000000085b00000, 0x0000000085b00000, 0x0000000085c00000|  0%| F|  |TAMS 0x0000000085b00000, 0x0000000085b00000| Untracked 
|  92|0x0000000085c00000, 0x0000000085c00000, 0x0000000085d00000|  0%| F|  |TAMS 0x0000000085c00000, 0x0000000085c00000| Untracked 
|  93|0x0000000085d00000, 0x0000000085d00000, 0x0000000085e00000|  0%| F|  |TAMS 0x0000000085d00000, 0x0000000085d00000| Untracked 
|  94|0x0000000085e00000, 0x0000000085e00000, 0x0000000085f00000|  0%| F|  |TAMS 0x0000000085e00000, 0x0000000085e00000| Untracked 
|  95|0x0000000085f00000, 0x0000000085f00000, 0x0000000086000000|  0%| F|  |TAMS 0x0000000085f00000, 0x0000000085f00000| Untracked 
|  96|0x0000000086000000, 0x0000000086000000, 0x0000000086100000|  0%| F|  |TAMS 0x0000000086000000, 0x0000000086000000| Untracked 
|  97|0x0000000086100000, 0x0000000086100000, 0x0000000086200000|  0%| F|  |TAMS 0x0000000086100000, 0x0000000086100000| Untracked 
|  98|0x0000000086200000, 0x0000000086200000, 0x0000000086300000|  0%| F|  |TAMS 0x0000000086200000, 0x0000000086200000| Untracked 
|  99|0x0000000086300000, 0x0000000086300000, 0x0000000086400000|  0%| F|  |TAMS 0x0000000086300000, 0x0000000086300000| Untracked 
| 100|0x0000000086400000, 0x0000000086400000, 0x0000000086500000|  0%| F|  |TAMS 0x0000000086400000, 0x0000000086400000| Untracked 
| 101|0x0000000086500000, 0x0000000086500000, 0x0000000086600000|  0%| F|  |TAMS 0x0000000086500000, 0x0000000086500000| Untracked 
| 102|0x0000000086600000, 0x0000000086600000, 0x0000000086700000|  0%| F|  |TAMS 0x0000000086600000, 0x0000000086600000| Untracked 
| 103|0x0000000086700000, 0x0000000086700000, 0x0000000086800000|  0%| F|  |TAMS 0x0000000086700000, 0x0000000086700000| Untracked 
| 104|0x0000000086800000, 0x0000000086800000, 0x0000000086900000|  0%| F|  |TAMS 0x0000000086800000, 0x0000000086800000| Untracked 
| 105|0x0000000086900000, 0x0000000086900000, 0x0000000086a00000|  0%| F|  |TAMS 0x0000000086900000, 0x0000000086900000| Untracked 
| 106|0x0000000086a00000, 0x0000000086a00000, 0x0000000086b00000|  0%| F|  |TAMS 0x0000000086a00000, 0x0000000086a00000| Untracked 
| 107|0x0000000086b00000, 0x0000000086b00000, 0x0000000086c00000|  0%| F|  |TAMS 0x0000000086b00000, 0x0000000086b00000| Untracked 
| 108|0x0000000086c00000, 0x0000000086c00000, 0x0000000086d00000|  0%| F|  |TAMS 0x0000000086c00000, 0x0000000086c00000| Untracked 
| 109|0x0000000086d00000, 0x0000000086d00000, 0x0000000086e00000|  0%| F|  |TAMS 0x0000000086d00000, 0x0000000086d00000| Untracked 
| 110|0x0000000086e00000, 0x0000000086e00000, 0x0000000086f00000|  0%| F|  |TAMS 0x0000000086e00000, 0x0000000086e00000| Untracked 
| 111|0x0000000086f00000, 0x0000000086f00000, 0x0000000087000000|  0%| F|  |TAMS 0x0000000086f00000, 0x0000000086f00000| Untracked 
| 112|0x0000000087000000, 0x0000000087000000, 0x0000000087100000|  0%| F|  |TAMS 0x0000000087000000, 0x0000000087000000| Untracked 
| 113|0x0000000087100000, 0x0000000087100000, 0x0000000087200000|  0%| F|  |TAMS 0x0000000087100000, 0x0000000087100000| Untracked 
| 114|0x0000000087200000, 0x0000000087200000, 0x0000000087300000|  0%| F|  |TAMS 0x0000000087200000, 0x0000000087200000| Untracked 
| 115|0x0000000087300000, 0x0000000087300000, 0x0000000087400000|  0%| F|  |TAMS 0x0000000087300000, 0x0000000087300000| Untracked 
| 116|0x0000000087400000, 0x0000000087400000, 0x0000000087500000|  0%| F|  |TAMS 0x0000000087400000, 0x0000000087400000| Untracked 
| 117|0x0000000087500000, 0x0000000087500000, 0x0000000087600000|  0%| F|  |TAMS 0x0000000087500000, 0x0000000087500000| Untracked 
| 118|0x0000000087600000, 0x0000000087600000, 0x0000000087700000|  0%| F|  |TAMS 0x0000000087600000, 0x0000000087600000| Untracked 
| 119|0x0000000087700000, 0x0000000087700000, 0x0000000087800000|  0%| F|  |TAMS 0x0000000087700000, 0x0000000087700000| Untracked 
| 120|0x0000000087800000, 0x0000000087800000, 0x0000000087900000|  0%| F|  |TAMS 0x0000000087800000, 0x0000000087800000| Untracked 
| 121|0x0000000087900000, 0x0000000087900000, 0x0000000087a00000|  0%| F|  |TAMS 0x0000000087900000, 0x0000000087900000| Untracked 
| 122|0x0000000087a00000, 0x0000000087a00000, 0x0000000087b00000|  0%| F|  |TAMS 0x0000000087a00000, 0x0000000087a00000| Untracked 
| 123|0x0000000087b00000, 0x0000000087b00000, 0x0000000087c00000|  0%| F|  |TAMS 0x0000000087b00000, 0x0000000087b00000| Untracked 
| 124|0x0000000087c00000, 0x0000000087c00000, 0x0000000087d00000|  0%| F|  |TAMS 0x0000000087c00000, 0x0000000087c00000| Untracked 
| 125|0x0000000087d00000, 0x0000000087d00000, 0x0000000087e00000|  0%| F|  |TAMS 0x0000000087d00000, 0x0000000087d00000| Untracked 
| 126|0x0000000087e00000, 0x0000000087e00000, 0x0000000087f00000|  0%| F|  |TAMS 0x0000000087e00000, 0x0000000087e00000| Untracked 
| 127|0x0000000087f00000, 0x0000000087f00000, 0x0000000088000000|  0%| F|  |TAMS 0x0000000087f00000, 0x0000000087f00000| Untracked 
| 128|0x0000000088000000, 0x0000000088000000, 0x0000000088100000|  0%| F|  |TAMS 0x0000000088000000, 0x0000000088000000| Untracked 
| 129|0x0000000088100000, 0x0000000088100000, 0x0000000088200000|  0%| F|  |TAMS 0x0000000088100000, 0x0000000088100000| Untracked 
| 130|0x0000000088200000, 0x0000000088200000, 0x0000000088300000|  0%| F|  |TAMS 0x0000000088200000, 0x0000000088200000| Untracked 
| 131|0x0000000088300000, 0x0000000088300000, 0x0000000088400000|  0%| F|  |TAMS 0x0000000088300000, 0x0000000088300000| Untracked 
| 132|0x0000000088400000, 0x0000000088400000, 0x0000000088500000|  0%| F|  |TAMS 0x0000000088400000, 0x0000000088400000| Untracked 
| 133|0x0000000088500000, 0x0000000088500000, 0x0000000088600000|  0%| F|  |TAMS 0x0000000088500000, 0x0000000088500000| Untracked 
| 134|0x0000000088600000, 0x0000000088600000, 0x0000000088700000|  0%| F|  |TAMS 0x0000000088600000, 0x0000000088600000| Untracked 
| 135|0x0000000088700000, 0x0000000088700000, 0x0000000088800000|  0%| F|  |TAMS 0x0000000088700000, 0x0000000088700000| Untracked 
| 136|0x0000000088800000, 0x0000000088800000, 0x0000000088900000|  0%| F|  |TAMS 0x0000000088800000, 0x0000000088800000| Untracked 
| 137|0x0000000088900000, 0x0000000088900000, 0x0000000088a00000|  0%| F|  |TAMS 0x0000000088900000, 0x0000000088900000| Untracked 
| 138|0x0000000088a00000, 0x0000000088a00000, 0x0000000088b00000|  0%| F|  |TAMS 0x0000000088a00000, 0x0000000088a00000| Untracked 
| 139|0x0000000088b00000, 0x0000000088b00000, 0x0000000088c00000|  0%| F|  |TAMS 0x0000000088b00000, 0x0000000088b00000| Untracked 
| 140|0x0000000088c00000, 0x0000000088c00000, 0x0000000088d00000|  0%| F|  |TAMS 0x0000000088c00000, 0x0000000088c00000| Untracked 
| 141|0x0000000088d00000, 0x0000000088d00000, 0x0000000088e00000|  0%| F|  |TAMS 0x0000000088d00000, 0x0000000088d00000| Untracked 
| 142|0x0000000088e00000, 0x0000000088e00000, 0x0000000088f00000|  0%| F|  |TAMS 0x0000000088e00000, 0x0000000088e00000| Untracked 
| 143|0x0000000088f00000, 0x0000000088f00000, 0x0000000089000000|  0%| F|  |TAMS 0x0000000088f00000, 0x0000000088f00000| Untracked 
| 144|0x0000000089000000, 0x0000000089000000, 0x0000000089100000|  0%| F|  |TAMS 0x0000000089000000, 0x0000000089000000| Untracked 
| 145|0x0000000089100000, 0x0000000089100000, 0x0000000089200000|  0%| F|  |TAMS 0x0000000089100000, 0x0000000089100000| Untracked 
| 146|0x0000000089200000, 0x0000000089200000, 0x0000000089300000|  0%| F|  |TAMS 0x0000000089200000, 0x0000000089200000| Untracked 
| 147|0x0000000089300000, 0x0000000089300000, 0x0000000089400000|  0%| F|  |TAMS 0x0000000089300000, 0x0000000089300000| Untracked 
| 148|0x0000000089400000, 0x000000008940d770, 0x0000000089500000|  5%| E|  |TAMS 0x0000000089400000, 0x0000000089400000| Complete 
| 149|0x0000000089500000, 0x0000000089600000, 0x0000000089600000|100%| E|CS|TAMS 0x0000000089500000, 0x0000000089500000| Complete 
| 150|0x0000000089600000, 0x0000000089700000, 0x0000000089700000|100%| E|CS|TAMS 0x0000000089600000, 0x0000000089600000| Complete 
| 151|0x0000000089700000, 0x0000000089800000, 0x0000000089800000|100%| E|CS|TAMS 0x0000000089700000, 0x0000000089700000| Complete 
| 152|0x0000000089800000, 0x0000000089900000, 0x0000000089900000|100%| E|CS|TAMS 0x0000000089800000, 0x0000000089800000| Complete 
| 153|0x0000000089900000, 0x0000000089a00000, 0x0000000089a00000|100%| E|CS|TAMS 0x0000000089900000, 0x0000000089900000| Complete 

Card table byte_map: [0x00000273e6740000,0x00000273e6b40000] _byte_map_base: 0x00000273e6340000

Marking Bits (Prev, Next): (CMBitMap*) 0x00000273d1a594c0, (CMBitMap*) 0x00000273d1a59488
 Prev Bits: [0x00000273e8f40000, 0x00000273eaf40000)
 Next Bits: [0x00000273e6f40000, 0x00000273e8f40000)

Polling page: 0x00000273d1af0000

Metaspace:

Usage:
  Non-class:     67.10 MB capacity,    65.85 MB ( 98%) used,     1.02 MB (  2%) free+waste,   239.44 KB ( <1%) overhead. 
      Class:     10.75 MB capacity,     9.80 MB ( 91%) used,   858.00 KB (  8%) free+waste,   113.88 KB (  1%) overhead. 
       Both:     77.86 MB capacity,    75.65 MB ( 97%) used,     1.86 MB (  2%) free+waste,   353.31 KB ( <1%) overhead. 

Virtual space:
  Non-class space:       68.00 MB reserved,      67.33 MB (>99%) committed 
      Class space:      504.00 MB reserved,      10.88 MB (  2%) committed 
             Both:      572.00 MB reserved,      78.20 MB ( 14%) committed 

Chunk freelists:
   Non-Class:  0 bytes
       Class:  0 bytes
        Both:  0 bytes

MaxMetaspaceSize: 512.00 MB
CompressedClassSpaceSize: 504.00 MB
Initial GC threshold: 20.80 MB
Current GC threshold: 98.46 MB
CDS: off

CodeHeap 'non-profiled nmethods': size=120064Kb used=5450Kb max_used=5450Kb free=114613Kb
 bounds [0x00000273de7e0000, 0x00000273ded40000, 0x00000273e5d20000]
CodeHeap 'profiled nmethods': size=120000Kb used=18843Kb max_used=18843Kb free=101156Kb
 bounds [0x00000273d72b0000, 0x00000273d8520000, 0x00000273de7e0000]
CodeHeap 'non-nmethods': size=5696Kb used=2382Kb max_used=2427Kb free=3313Kb
 bounds [0x00000273d6d20000, 0x00000273d6f90000, 0x00000273d72b0000]
 total_blobs=9629 nmethods=8721 adapters=820
 compilation: enabled
              stopped_count=0, restarted_count=0
 full_count=0

Compilation events (20 events):
Event: 97.011 Thread 0x00000273ed5a9000 8747       3       java.net.DatagramPacket::<init> (11 bytes)
Event: 97.012 Thread 0x00000273ed5a9000 nmethod 8747 0x00000273d8513990 code [0x00000273d8513b80, 0x00000273d8513ff8]
Event: 97.013 Thread 0x00000273ed5a9000 8748       3       java.io.BufferedOutputStream::<init> (27 bytes)
Event: 97.014 Thread 0x00000273ed5a9000 nmethod 8748 0x00000273d8514190 code [0x00000273d8514380, 0x00000273d8514908]
Event: 97.014 Thread 0x00000273ed5a9000 8749       1       org.gradle.cache.internal.DefaultPersistentDirectoryStore$1::requiresInitialization (2 bytes)
Event: 97.014 Thread 0x00000273ed5a9000 nmethod 8749 0x00000273ded31b90 code [0x00000273ded31d40, 0x00000273ded31df8]
Event: 97.014 Thread 0x00000273ed5a9000 8750       1       com.google.common.collect.RegularImmutableSet::isPartialView (2 bytes)
Event: 97.014 Thread 0x00000273ed5a9000 nmethod 8750 0x00000273ded31e90 code [0x00000273ded32040, 0x00000273ded320f8]
Event: 97.017 Thread 0x00000273ed5a9000 8751       3       org.gradle.api.internal.initialization.ClassLoaderScopeIdentifier::hashCode (23 bytes)
Event: 97.017 Thread 0x00000273ed5a9000 nmethod 8751 0x00000273d8514a90 code [0x00000273d8514c80, 0x00000273d8515028]
Event: 97.018 Thread 0x00000273ed5a9000 8752       3       org.gradle.cache.internal.locklistener.DefaultFileLockContentionHandler$ContendedAction::access$500 (6 bytes)
Event: 97.019 Thread 0x00000273ed5a9000 nmethod 8752 0x00000273d8515210 code [0x00000273d85153c0, 0x00000273d85154c8]
Event: 97.019 Thread 0x00000273ed5a9000 8753       3       java.net.InetSocketAddress::hashCode (8 bytes)
Event: 97.019 Thread 0x00000273ed5a9000 nmethod 8753 0x00000273d8515590 code [0x00000273d8515740, 0x00000273d8515868]
Event: 97.019 Thread 0x00000273ed5a9000 8754   !   3       org.gradle.cache.internal.locklistener.FileLockCommunicator::confirmUnlockRequest (69 bytes)
Event: 97.020 Thread 0x00000273ed5a9000 nmethod 8754 0x00000273d8515910 code [0x00000273d8515b40, 0x00000273d85161b8]
Event: 97.020 Thread 0x00000273ed5a9000 8755       1       org.gradle.cache.internal.LockOnDemandCrossProcessCacheAccess::access$500 (5 bytes)
Event: 97.020 Thread 0x00000273ed5a9000 nmethod 8755 0x00000273ded32190 code [0x00000273ded32340, 0x00000273ded323d8]
Event: 97.020 Thread 0x00000273ed5a9000 8756       1       org.gradle.cache.internal.LockOnDemandCrossProcessCacheAccess::access$600 (5 bytes)
Event: 97.020 Thread 0x00000273ed5a9000 nmethod 8756 0x00000273ded32490 code [0x00000273ded32640, 0x00000273ded326d8]

GC Heap History (20 events):
Event: 7.887 GC heap before
{Heap before GC invocations=6 (full 0):
 garbage-first heap   total 131072K, used 68798K [0x0000000080000000, 0x0000000100000000)
  region size 1024K, 52 young (53248K), 2 survivors (2048K)
 Metaspace       used 25976K, capacity 26522K, committed 26800K, reserved 540672K
  class space    used 3343K, capacity 3554K, committed 3584K, reserved 516096K
}
Event: 7.899 GC heap after
{Heap after GC invocations=7 (full 0):
 garbage-first heap   total 157696K, used 19151K [0x0000000080000000, 0x0000000100000000)
  region size 1024K, 3 young (3072K), 3 survivors (3072K)
 Metaspace       used 25976K, capacity 26522K, committed 26800K, reserved 540672K
  class space    used 3343K, capacity 3554K, committed 3584K, reserved 516096K
}
Event: 10.265 GC heap before
{Heap before GC invocations=7 (full 0):
 garbage-first heap   total 157696K, used 86735K [0x0000000080000000, 0x0000000100000000)
  region size 1024K, 70 young (71680K), 3 survivors (3072K)
 Metaspace       used 35022K, capacity 35803K, committed 35920K, reserved 548864K
  class space    used 4484K, capacity 4823K, committed 4864K, reserved 516096K
}
Event: 10.281 GC heap after
{Heap after GC invocations=8 (full 0):
 garbage-first heap   total 157696K, used 22541K [0x0000000080000000, 0x0000000100000000)
  region size 1024K, 7 young (7168K), 7 survivors (7168K)
 Metaspace       used 35022K, capacity 35803K, committed 35920K, reserved 548864K
  class space    used 4484K, capacity 4823K, committed 4864K, reserved 516096K
}
Event: 69.789 GC heap before
{Heap before GC invocations=9 (full 0):
 garbage-first heap   total 157696K, used 100365K [0x0000000080000000, 0x0000000100000000)
  region size 1024K, 81 young (82944K), 7 survivors (7168K)
 Metaspace       used 40925K, capacity 41984K, committed 42320K, reserved 552960K
  class space    used 5140K, capacity 5536K, committed 5632K, reserved 516096K
}
Event: 69.817 GC heap after
{Heap after GC invocations=10 (full 0):
 garbage-first heap   total 157696K, used 28370K [0x0000000080000000, 0x0000000100000000)
  region size 1024K, 11 young (11264K), 11 survivors (11264K)
 Metaspace       used 40925K, capacity 41984K, committed 42320K, reserved 552960K
  class space    used 5140K, capacity 5536K, committed 5632K, reserved 516096K
}
Event: 73.329 GC heap before
{Heap before GC invocations=10 (full 0):
 garbage-first heap   total 157696K, used 111314K [0x0000000080000000, 0x0000000100000000)
  region size 1024K, 92 young (94208K), 11 survivors (11264K)
 Metaspace       used 46865K, capacity 48115K, committed 48336K, reserved 559104K
  class space    used 5987K, capacity 6478K, committed 6528K, reserved 516096K
}
Event: 73.357 GC heap after
{Heap after GC invocations=11 (full 0):
 garbage-first heap   total 157696K, used 31260K [0x0000000080000000, 0x0000000100000000)
  region size 1024K, 9 young (9216K), 9 survivors (9216K)
 Metaspace       used 46865K, capacity 48115K, committed 48336K, reserved 559104K
  class space    used 5987K, capacity 6478K, committed 6528K, reserved 516096K
}
Event: 80.017 GC heap before
{Heap before GC invocations=11 (full 0):
 garbage-first heap   total 157696K, used 115228K [0x0000000080000000, 0x0000000100000000)
  region size 1024K, 92 young (94208K), 9 survivors (9216K)
 Metaspace       used 56738K, capacity 58177K, committed 58448K, reserved 567296K
  class space    used 7262K, capacity 7839K, committed 7936K, reserved 516096K
}
Event: 80.042 GC heap after
{Heap after GC invocations=12 (full 0):
 garbage-first heap   total 157696K, used 35152K [0x0000000080000000, 0x0000000100000000)
  region size 1024K, 8 young (8192K), 8 survivors (8192K)
 Metaspace       used 56738K, capacity 58177K, committed 58448K, reserved 567296K
  class space    used 7262K, capacity 7839K, committed 7936K, reserved 516096K
}
Event: 82.069 GC heap before
{Heap before GC invocations=12 (full 0):
 garbage-first heap   total 157696K, used 62800K [0x0000000080000000, 0x0000000100000000)
  region size 1024K, 32 young (32768K), 8 survivors (8192K)
 Metaspace       used 58588K, capacity 60072K, committed 60240K, reserved 569344K
  class space    used 7469K, capacity 8087K, committed 8192K, reserved 516096K
}
Event: 82.094 GC heap after
{Heap after GC invocations=13 (full 0):
 garbage-first heap   total 157696K, used 43970K [0x0000000080000000, 0x0000000100000000)
  region size 1024K, 9 young (9216K), 9 survivors (9216K)
 Metaspace       used 58588K, capacity 60072K, committed 60240K, reserved 569344K
  class space    used 7469K, capacity 8087K, committed 8192K, reserved 516096K
}
Event: 85.632 GC heap before
{Heap before GC invocations=14 (full 0):
 garbage-first heap   total 157696K, used 119746K [0x0000000080000000, 0x0000000100000000)
  region size 1024K, 83 young (84992K), 9 survivors (9216K)
 Metaspace       used 65146K, capacity 66805K, committed 66896K, reserved 575488K
  class space    used 8448K, capacity 9162K, committed 9216K, reserved 516096K
}
Event: 85.659 GC heap after
{Heap after GC invocations=15 (full 0):
 garbage-first heap   total 157696K, used 46801K [0x0000000080000000, 0x0000000100000000)
  region size 1024K, 8 young (8192K), 8 survivors (8192K)
 Metaspace       used 65146K, capacity 66805K, committed 66896K, reserved 575488K
  class space    used 8448K, capacity 9162K, committed 9216K, reserved 516096K
}
Event: 88.570 GC heap before
{Heap before GC invocations=15 (full 0):
 garbage-first heap   total 157696K, used 123601K [0x0000000080000000, 0x0000000100000000)
  region size 1024K, 83 young (84992K), 8 survivors (8192K)
 Metaspace       used 70544K, capacity 72348K, committed 72528K, reserved 579584K
  class space    used 9136K, capacity 9866K, committed 9984K, reserved 516096K
}
Event: 88.596 GC heap after
{Heap after GC invocations=16 (full 0):
 garbage-first heap   total 157696K, used 47464K [0x0000000080000000, 0x0000000100000000)
  region size 1024K, 5 young (5120K), 5 survivors (5120K)
 Metaspace       used 70544K, capacity 72348K, committed 72528K, reserved 579584K
  class space    used 9136K, capacity 9866K, committed 9984K, reserved 516096K
}
Event: 92.439 GC heap before
{Heap before GC invocations=16 (full 0):
 garbage-first heap   total 157696K, used 125288K [0x0000000080000000, 0x0000000100000000)
  region size 1024K, 81 young (82944K), 5 survivors (5120K)
 Metaspace       used 74752K, capacity 76848K, committed 77008K, reserved 583680K
  class space    used 9717K, capacity 10604K, committed 10624K, reserved 516096K
}
Event: 92.459 GC heap after
{Heap after GC invocations=17 (full 0):
 garbage-first heap   total 157696K, used 52057K [0x0000000080000000, 0x0000000100000000)
  region size 1024K, 10 young (10240K), 10 survivors (10240K)
 Metaspace       used 74752K, capacity 76848K, committed 77008K, reserved 583680K
  class space    used 9717K, capacity 10604K, committed 10624K, reserved 516096K
}
Event: 96.532 GC heap before
{Heap before GC invocations=17 (full 0):
 garbage-first heap   total 157696K, used 129881K [0x0000000080000000, 0x0000000100000000)
  region size 1024K, 82 young (83968K), 10 survivors (10240K)
 Metaspace       used 77291K, capacity 79597K, committed 79696K, reserved 585728K
  class space    used 10022K, capacity 10981K, committed 11008K, reserved 516096K
}
Event: 96.566 GC heap after
{Heap after GC invocations=18 (full 0):
 garbage-first heap   total 157696K, used 63658K [0x0000000080000000, 0x0000000100000000)
  region size 1024K, 11 young (11264K), 11 survivors (11264K)
 Metaspace       used 77291K, capacity 79597K, committed 79696K, reserved 585728K
  class space    used 10022K, capacity 10981K, committed 11008K, reserved 516096K
}

Deoptimization events (20 events):
Event: 94.083 Thread 0x00000273f0b11000 Uncommon trap: trap_request=0xffffff4d fr.pc=0x00000273debca684 relative=0x0000000000000164
Event: 94.083 Thread 0x00000273f0b11000 Uncommon trap: reason=unstable_if action=reinterpret pc=0x00000273debca684 method=java.util.concurrent.locks.ReentrantLock$Sync.nonfairTryAcquire(I)Z @ 19 c2
Event: 94.083 Thread 0x00000273f0b11000 DEOPT PACKING pc=0x00000273debca684 sp=0x00000096536ff140
Event: 94.083 Thread 0x00000273f0b11000 DEOPT UNPACKING pc=0x00000273d6d6a1af sp=0x00000096536ff070 mode 2
Event: 94.530 Thread 0x00000273ef2b1800 DEOPT PACKING pc=0x00000273d734e6b4 sp=0x00000096525f92f0
Event: 94.530 Thread 0x00000273ef2b1800 DEOPT UNPACKING pc=0x00000273d6d6a95e sp=0x00000096525f8840 mode 0
Event: 95.383 Thread 0x00000273ef2b1800 DEOPT PACKING pc=0x00000273d84bbef4 sp=0x00000096525ea650
Event: 95.383 Thread 0x00000273ef2b1800 DEOPT UNPACKING pc=0x00000273d6d6a95e sp=0x00000096525e9c28 mode 0
Event: 96.528 Thread 0x00000273ef2b1800 Uncommon trap: trap_request=0xffffffde fr.pc=0x00000273dec99ee0 relative=0x00000000000002a0
Event: 96.528 Thread 0x00000273ef2b1800 Uncommon trap: reason=class_check action=maybe_recompile pc=0x00000273dec99ee0 method=com.google.common.collect.ComparatorOrdering.compare(Ljava/lang/Object;Ljava/lang/Object;)I @ 6 c2
Event: 96.528 Thread 0x00000273ef2b1800 DEOPT PACKING pc=0x00000273dec99ee0 sp=0x00000096525f1550
Event: 96.528 Thread 0x00000273ef2b1800 DEOPT UNPACKING pc=0x00000273d6d6a1af sp=0x00000096525f14c8 mode 2
Event: 96.586 Thread 0x00000273ef2b1800 Uncommon trap: trap_request=0xffffff4d fr.pc=0x00000273dec69318 relative=0x0000000000000838
Event: 96.586 Thread 0x00000273ef2b1800 Uncommon trap: reason=unstable_if action=reinterpret pc=0x00000273dec69318 method=java.lang.ThreadLocal$ThreadLocalMap.set(Ljava/lang/ThreadLocal;Ljava/lang/Object;)V @ 119 c2
Event: 96.586 Thread 0x00000273ef2b1800 DEOPT PACKING pc=0x00000273dec69318 sp=0x00000096525f09b0
Event: 96.586 Thread 0x00000273ef2b1800 DEOPT UNPACKING pc=0x00000273d6d6a1af sp=0x00000096525f0970 mode 2
Event: 96.597 Thread 0x00000273ef2b1800 DEOPT PACKING pc=0x00000273d8074235 sp=0x00000096525ecf40
Event: 96.597 Thread 0x00000273ef2b1800 DEOPT UNPACKING pc=0x00000273d6d6a95e sp=0x00000096525ec4b0 mode 0
Event: 96.788 Thread 0x00000273ef2b1800 DEOPT PACKING pc=0x00000273d8074235 sp=0x00000096525ee2c0
Event: 96.788 Thread 0x00000273ef2b1800 DEOPT UNPACKING pc=0x00000273d6d6a95e sp=0x00000096525ed830 mode 0

Classes redefined (0 events):
No events

Internal exceptions (20 events):
Event: 96.456 Thread 0x00000273ef2b1800 Exception <a 'java/lang/ClassNotFoundException'{0x0000000085a6a4a8}: org/gradle/api/internal/artifacts/repositories/DefaultMavenArtifactRepositoryCustomizer> (0x0000000085a6a4a8) thrown at [./src/hotspot/share/classfile/systemDictionary.cpp, line 231]
Event: 96.459 Thread 0x00000273ef2b1800 Exception <a 'java/lang/ClassNotFoundException'{0x0000000085ad7f00}: org/gradle/api/internal/artifacts/repositories/DefaultMavenArtifactRepository_DecoratedCustomizer> (0x0000000085ad7f00) thrown at [./src/hotspot/share/classfile/systemDictionary.cpp, line 231]
Event: 96.467 Thread 0x00000273ef2b1800 Exception <a 'java/lang/ClassNotFoundException'{0x000000008599e028}: org/gradle/api/internal/PolymorphicDomainObjectContainerConfigureDelegateBeanInfo> (0x000000008599e028) thrown at [./src/hotspot/share/classfile/systemDictionary.cpp, line 231]
Event: 96.469 Thread 0x00000273ef2b1800 Exception <a 'java/lang/ClassNotFoundException'{0x00000000859dfdc0}: org/gradle/api/internal/PolymorphicDomainObjectContainerConfigureDelegateCustomizer> (0x00000000859dfdc0) thrown at [./src/hotspot/share/classfile/systemDictionary.cpp, line 231]
Event: 96.490 Thread 0x00000273ef2b1800 Exception <a 'java/lang/ClassNotFoundException'{0x0000000085500ab0}: org/gradle/internal/authentication/DefaultAuthenticationContainer_DecoratedBeanInfo> (0x0000000085500ab0) thrown at [./src/hotspot/share/classfile/systemDictionary.cpp, line 231]
Event: 96.492 Thread 0x00000273ef2b1800 Exception <a 'java/lang/ClassNotFoundException'{0x000000008553ffb0}: org/gradle/internal/authentication/DefaultAuthenticationContainerBeanInfo> (0x000000008553ffb0) thrown at [./src/hotspot/share/classfile/systemDictionary.cpp, line 231]
Event: 96.494 Thread 0x00000273ef2b1800 Exception <a 'java/lang/ClassNotFoundException'{0x000000008557ef90}: org/gradle/api/internal/DefaultPolymorphicDomainObjectContainerBeanInfo> (0x000000008557ef90) thrown at [./src/hotspot/share/classfile/systemDictionary.cpp, line 231]
Event: 96.496 Thread 0x00000273ef2b1800 Exception <a 'java/lang/ClassNotFoundException'{0x00000000855be758}: org/gradle/api/internal/AbstractPolymorphicDomainObjectContainerBeanInfo> (0x00000000855be758) thrown at [./src/hotspot/share/classfile/systemDictionary.cpp, line 231]
Event: 96.498 Thread 0x00000273ef2b1800 Exception <a 'java/lang/ClassNotFoundException'{0x00000000855fce20}: org/gradle/api/internal/AbstractNamedDomainObjectContainerBeanInfo> (0x00000000855fce20) thrown at [./src/hotspot/share/classfile/systemDictionary.cpp, line 231]
Event: 96.500 Thread 0x00000273ef2b1800 Exception <a 'java/lang/ClassNotFoundException'{0x000000008543a338}: org/gradle/api/internal/DefaultNamedDomainObjectSetBeanInfo> (0x000000008543a338) thrown at [./src/hotspot/share/classfile/systemDictionary.cpp, line 231]
Event: 96.502 Thread 0x00000273ef2b1800 Exception <a 'java/lang/ClassNotFoundException'{0x00000000854771f0}: org/gradle/api/internal/DefaultNamedDomainObjectSetCustomizer> (0x00000000854771f0) thrown at [./src/hotspot/share/classfile/systemDictionary.cpp, line 231]
Event: 96.505 Thread 0x00000273ef2b1800 Exception <a 'java/lang/ClassNotFoundException'{0x00000000854cac58}: org/gradle/api/internal/AbstractNamedDomainObjectContainerCustomizer> (0x00000000854cac58) thrown at [./src/hotspot/share/classfile/systemDictionary.cpp, line 231]
Event: 96.508 Thread 0x00000273ef2b1800 Exception <a 'java/lang/ClassNotFoundException'{0x000000008531e300}: org/gradle/api/internal/AbstractPolymorphicDomainObjectContainerCustomizer> (0x000000008531e300) thrown at [./src/hotspot/share/classfile/systemDictionary.cpp, line 231]
Event: 96.511 Thread 0x00000273ef2b1800 Exception <a 'java/lang/ClassNotFoundException'{0x000000008536f3b8}: org/gradle/api/internal/DefaultPolymorphicDomainObjectContainerCustomizer> (0x000000008536f3b8) thrown at [./src/hotspot/share/classfile/systemDictionary.cpp, line 231]
Event: 96.513 Thread 0x00000273ef2b1800 Exception <a 'java/lang/ClassNotFoundException'{0x00000000853c3940}: org/gradle/internal/authentication/DefaultAuthenticationContainerCustomizer> (0x00000000853c3940) thrown at [./src/hotspot/share/classfile/systemDictionary.cpp, line 231]
Event: 96.516 Thread 0x00000273ef2b1800 Exception <a 'java/lang/ClassNotFoundException'{0x0000000085213bb8}: org/gradle/internal/authentication/DefaultAuthenticationContainer_DecoratedCustomizer> (0x0000000085213bb8) thrown at [./src/hotspot/share/classfile/systemDictionary.cpp, line 231]
Event: 96.569 Thread 0x00000273ef2b1800 Exception <a 'java/lang/ClassNotFoundException'{0x0000000089917f68}: org/gradle/internal/credentials/DefaultPasswordCredentials_DecoratedBeanInfo> (0x0000000089917f68) thrown at [./src/hotspot/share/classfile/systemDictionary.cpp, line 231]
Event: 96.571 Thread 0x00000273ef2b1800 Exception <a 'java/lang/ClassNotFoundException'{0x0000000089955870}: org/gradle/internal/credentials/DefaultPasswordCredentialsBeanInfo> (0x0000000089955870) thrown at [./src/hotspot/share/classfile/systemDictionary.cpp, line 231]
Event: 96.573 Thread 0x00000273ef2b1800 Exception <a 'java/lang/ClassNotFoundException'{0x00000000899944d0}: org/gradle/internal/credentials/DefaultPasswordCredentialsCustomizer> (0x00000000899944d0) thrown at [./src/hotspot/share/classfile/systemDictionary.cpp, line 231]
Event: 96.575 Thread 0x00000273ef2b1800 Exception <a 'java/lang/ClassNotFoundException'{0x00000000899db680}: org/gradle/internal/credentials/DefaultPasswordCredentials_DecoratedCustomizer> (0x00000000899db680) thrown at [./src/hotspot/share/classfile/systemDictionary.cpp, line 231]

Events (20 events):
Event: 96.571 loading class org/gradle/internal/credentials/DefaultPasswordCredentialsBeanInfo done
Event: 96.571 loading class org/gradle/internal/credentials/DefaultPasswordCredentialsCustomizer
Event: 96.571 loading class org/gradle/internal/credentials/DefaultPasswordCredentialsCustomizer done
Event: 96.572 loading class org/gradle/internal/credentials/DefaultPasswordCredentialsCustomizer
Event: 96.572 loading class org/gradle/internal/credentials/DefaultPasswordCredentialsCustomizer done
Event: 96.572 loading class org/gradle/internal/credentials/DefaultPasswordCredentialsCustomizer
Event: 96.572 loading class org/gradle/internal/credentials/DefaultPasswordCredentialsCustomizer done
Event: 96.573 loading class org/gradle/internal/credentials/DefaultPasswordCredentialsCustomizer
Event: 96.573 loading class org/gradle/internal/credentials/DefaultPasswordCredentialsCustomizer done
Event: 96.574 loading class org/gradle/internal/credentials/DefaultPasswordCredentials_DecoratedCustomizer
Event: 96.574 loading class org/gradle/internal/credentials/DefaultPasswordCredentials_DecoratedCustomizer done
Event: 96.574 loading class org/gradle/internal/credentials/DefaultPasswordCredentials_DecoratedCustomizer
Event: 96.574 loading class org/gradle/internal/credentials/DefaultPasswordCredentials_DecoratedCustomizer done
Event: 96.574 loading class org/gradle/internal/credentials/DefaultPasswordCredentials_DecoratedCustomizer
Event: 96.574 loading class org/gradle/internal/credentials/DefaultPasswordCredentials_DecoratedCustomizer done
Event: 96.575 loading class org/gradle/internal/credentials/DefaultPasswordCredentials_DecoratedCustomizer
Event: 96.575 loading class org/gradle/internal/credentials/DefaultPasswordCredentials_DecoratedCustomizer done
Event: 96.587 loading class org/gradle/internal/extensibility/ExtensibleDynamicObject$1
Event: 96.587 loading class org/gradle/internal/extensibility/ExtensibleDynamicObject$1 done
Event: 96.649 Thread 0x00000273ee1a7800 Thread added: 0x00000273ee1a7800


Dynamic libraries:
0x00007ff6c50e0000 - 0x00007ff6c50ea000 	C:\Program Files\Android\Android Studio\jre\bin\java.exe
0x00007ffd5c1d0000 - 0x00007ffd5c3c8000 	C:\WINDOWS\SYSTEM32\ntdll.dll
0x00007ffd5a5a0000 - 0x00007ffd5a65f000 	C:\WINDOWS\System32\KERNEL32.DLL
0x00007ffd59d40000 - 0x00007ffd5a036000 	C:\WINDOWS\System32\KERNELBASE.dll
0x00007ffd5a040000 - 0x00007ffd5a140000 	C:\WINDOWS\System32\ucrtbase.dll
0x00007ffd54690000 - 0x00007ffd546a7000 	C:\Program Files\Android\Android Studio\jre\bin\VCRUNTIME140.dll
0x00007ffd54d60000 - 0x00007ffd54d79000 	C:\Program Files\Android\Android Studio\jre\bin\jli.dll
0x00007ffd5a400000 - 0x00007ffd5a59d000 	C:\WINDOWS\System32\USER32.dll
0x00007ffd46920000 - 0x00007ffd46bba000 	C:\WINDOWS\WinSxS\amd64_microsoft.windows.common-controls_6595b64144ccf1df_6.0.19041.1110_none_60b5254171f9507e\COMCTL32.dll
0x00007ffd5a190000 - 0x00007ffd5a1b2000 	C:\WINDOWS\System32\win32u.dll
0x00007ffd5acd0000 - 0x00007ffd5acfc000 	C:\WINDOWS\System32\GDI32.dll
0x00007ffd5a660000 - 0x00007ffd5a6fe000 	C:\WINDOWS\System32\msvcrt.dll
0x00007ffd59ac0000 - 0x00007ffd59bd5000 	C:\WINDOWS\System32\gdi32full.dll
0x00007ffd598e0000 - 0x00007ffd5997d000 	C:\WINDOWS\System32\msvcp_win.dll
0x00007ffd5bee0000 - 0x00007ffd5bf10000 	C:\WINDOWS\System32\IMM32.DLL
0x00007ffd3a640000 - 0x00007ffd3a6dd000 	C:\Program Files\Android\Android Studio\jre\bin\msvcp140.dll
0x00007ffd23b30000 - 0x00007ffd24632000 	C:\Program Files\Android\Android Studio\jre\bin\server\jvm.dll
0x00007ffd5a350000 - 0x00007ffd5a3ff000 	C:\WINDOWS\System32\ADVAPI32.dll
0x00007ffd5b2c0000 - 0x00007ffd5b35c000 	C:\WINDOWS\System32\sechost.dll
0x00007ffd5ab30000 - 0x00007ffd5ac56000 	C:\WINDOWS\System32\RPCRT4.dll
0x00007ffd5ae10000 - 0x00007ffd5ae18000 	C:\WINDOWS\System32\PSAPI.DLL
0x00007ffd449b0000 - 0x00007ffd449b9000 	C:\WINDOWS\SYSTEM32\WSOCK32.dll
0x00007ffd46d70000 - 0x00007ffd46d97000 	C:\WINDOWS\SYSTEM32\WINMM.dll
0x00007ffd5ac60000 - 0x00007ffd5accb000 	C:\WINDOWS\System32\WS2_32.dll
0x00007ffd52ed0000 - 0x00007ffd52eda000 	C:\WINDOWS\SYSTEM32\VERSION.dll
0x00007ffd58150000 - 0x00007ffd58162000 	C:\WINDOWS\SYSTEM32\kernel.appcore.dll
0x00007ffd54370000 - 0x00007ffd54381000 	C:\Program Files\Android\Android Studio\jre\bin\verify.dll
0x00007ffd57660000 - 0x00007ffd57844000 	C:\WINDOWS\SYSTEM32\DBGHELP.DLL
0x00007ffd418c0000 - 0x00007ffd418f4000 	C:\WINDOWS\SYSTEM32\dbgcore.DLL
0x00007ffd59980000 - 0x00007ffd59a02000 	C:\WINDOWS\System32\bcryptPrimitives.dll
0x00007ffd51f10000 - 0x00007ffd51f39000 	C:\Program Files\Android\Android Studio\jre\bin\java.dll
0x00007ffd54ac0000 - 0x00007ffd54acb000 	C:\Program Files\Android\Android Studio\jre\bin\jimage.dll
0x00007ffd4f770000 - 0x00007ffd4f788000 	C:\Program Files\Android\Android Studio\jre\bin\zip.dll
0x00007ffd5b360000 - 0x00007ffd5baa4000 	C:\WINDOWS\System32\SHELL32.dll
0x00007ffd57850000 - 0x00007ffd57fe3000 	C:\WINDOWS\SYSTEM32\windows.storage.dll
0x00007ffd5a760000 - 0x00007ffd5aab4000 	C:\WINDOWS\System32\combase.dll
0x00007ffd59310000 - 0x00007ffd5933e000 	C:\WINDOWS\SYSTEM32\Wldp.dll
0x00007ffd5ad00000 - 0x00007ffd5adad000 	C:\WINDOWS\System32\SHCORE.dll
0x00007ffd5aac0000 - 0x00007ffd5ab15000 	C:\WINDOWS\System32\shlwapi.dll
0x00007ffd597f0000 - 0x00007ffd5980f000 	C:\WINDOWS\SYSTEM32\profapi.dll
0x00007ffd4f750000 - 0x00007ffd4f76a000 	C:\Program Files\Android\Android Studio\jre\bin\net.dll
0x00007ffd51470000 - 0x00007ffd5157a000 	C:\WINDOWS\SYSTEM32\WINHTTP.dll
0x00007ffd59070000 - 0x00007ffd590da000 	C:\WINDOWS\system32\mswsock.dll
0x00007ffd444d0000 - 0x00007ffd444e4000 	C:\Program Files\Android\Android Studio\jre\bin\nio.dll
0x00007ffd444a0000 - 0x00007ffd444c7000 	C:\Users\ASUS\.gradle\native\e1d6ef7f7dcc3fd88c89a11ec53ec762bb8ba0a96d01ffa2cd45eb1d1d8dd5c5\windows-amd64\native-platform.dll
0x00007ffd24c40000 - 0x00007ffd24d84000 	C:\Users\ASUS\.gradle\native\0d407fdbe67a94daf76414ababcb853783967236a71b16ec16e742cd7a986fd3\windows-amd64\native-platform-file-events.dll
0x00007ffd44490000 - 0x00007ffd4449a000 	C:\Program Files\Android\Android Studio\jre\bin\management.dll
0x00007ffd3bd40000 - 0x00007ffd3bd4d000 	C:\Program Files\Android\Android Studio\jre\bin\management_ext.dll
0x00007ffd59260000 - 0x00007ffd59278000 	C:\WINDOWS\SYSTEM32\CRYPTSP.dll
0x00007ffd58920000 - 0x00007ffd58954000 	C:\WINDOWS\system32\rsaenh.dll
0x00007ffd598b0000 - 0x00007ffd598d7000 	C:\WINDOWS\System32\bcrypt.dll
0x00007ffd597b0000 - 0x00007ffd597de000 	C:\WINDOWS\SYSTEM32\USERENV.dll
0x00007ffd59280000 - 0x00007ffd5928c000 	C:\WINDOWS\SYSTEM32\CRYPTBASE.dll
0x00007ffd58d10000 - 0x00007ffd58d4c000 	C:\WINDOWS\SYSTEM32\IPHLPAPI.DLL
0x00007ffd5ab20000 - 0x00007ffd5ab28000 	C:\WINDOWS\System32\NSI.dll
0x00007ffd527c0000 - 0x00007ffd527d7000 	C:\WINDOWS\SYSTEM32\dhcpcsvc6.DLL
0x00007ffd52ef0000 - 0x00007ffd52f0d000 	C:\WINDOWS\SYSTEM32\dhcpcsvc.DLL
0x00007ffd58d60000 - 0x00007ffd58e2b000 	C:\WINDOWS\SYSTEM32\DNSAPI.dll
0x00007ffd3b890000 - 0x00007ffd3b8b7000 	C:\Program Files\Android\Android Studio\jre\bin\sunec.dll
0x00007ffd52790000 - 0x00007ffd5279a000 	C:\Windows\System32\rasadhlp.dll
0x00007ffd4db50000 - 0x00007ffd4dbd2000 	C:\WINDOWS\System32\fwpuclnt.dll

dbghelp: loaded successfully - version: 4.0.5 - missing functions: none
symbol engine: initialized successfully - sym options: 0x614 - pdb path: .;C:\Program Files\Android\Android Studio\jre\bin;C:\WINDOWS\SYSTEM32;C:\WINDOWS\WinSxS\amd64_microsoft.windows.common-controls_6595b64144ccf1df_6.0.19041.1110_none_60b5254171f9507e;C:\Program Files\Android\Android Studio\jre\bin\server;C:\Users\ASUS\.gradle\native\e1d6ef7f7dcc3fd88c89a11ec53ec762bb8ba0a96d01ffa2cd45eb1d1d8dd5c5\windows-amd64;C:\Users\ASUS\.gradle\native\0d407fdbe67a94daf76414ababcb853783967236a71b16ec16e742cd7a986fd3\windows-amd64

VM Arguments:
jvm_args: -XX:MaxMetaspaceSize=512m --add-opens=java.base/java.util=ALL-UNNAMED --add-opens=java.base/java.lang=ALL-UNNAMED --add-opens=java.base/java.lang.invoke=ALL-UNNAMED --add-opens=java.base/java.util=ALL-UNNAMED --add-opens=java.prefs/java.util.prefs=ALL-UNNAMED --add-opens=java.prefs/java.util.prefs=ALL-UNNAMED --add-opens=java.base/java.nio.charset=ALL-UNNAMED --add-opens=java.base/java.net=ALL-UNNAMED --add-opens=java.base/java.util.concurrent.atomic=ALL-UNNAMED -Xmx2048m -Dfile.encoding=windows-1252 -Duser.country=US -Duser.language=en -Duser.variant 
java_command: org.gradle.launcher.daemon.bootstrap.GradleDaemon 7.5.1
java_class_path (initial): C:\Users\ASUS\.gradle\wrapper\dists\gradle-7.5.1-all\1ehga6e77gqps5uk2kc5kf1vc\gradle-7.5.1\lib\gradle-launcher-7.5.1.jar
Launcher Type: SUN_STANDARD

[Global flags]
     intx CICompilerCount                          = 3                                         {product} {ergonomic}
   size_t CompressedClassSpaceSize                 = 528482304                                 {product} {ergonomic}
     uint ConcGCThreads                            = 1                                         {product} {ergonomic}
     uint G1ConcRefinementThreads                  = 4                                         {product} {ergonomic}
   size_t G1HeapRegionSize                         = 1048576                                   {product} {ergonomic}
    uintx GCDrainStackTargetSize                   = 64                                        {product} {ergonomic}
   size_t InitialHeapSize                          = 134217728                                 {product} {ergonomic}
   size_t MarkStackSize                            = 4194304                                   {product} {ergonomic}
   size_t MaxHeapSize                              = 2147483648                                {product} {command line}
   size_t MaxMetaspaceSize                         = 536870912                                 {product} {command line}
   size_t MaxNewSize                               = 1287651328                                {product} {ergonomic}
   size_t MinHeapDeltaBytes                        = 1048576                                   {product} {ergonomic}
    uintx NonNMethodCodeHeapSize                   = 5830732                                {pd product} {ergonomic}
    uintx NonProfiledCodeHeapSize                  = 122913754                              {pd product} {ergonomic}
    uintx ProfiledCodeHeapSize                     = 122913754                              {pd product} {ergonomic}
    uintx ReservedCodeCacheSize                    = 251658240                              {pd product} {ergonomic}
     bool SegmentedCodeCache                       = true                                      {product} {ergonomic}
     bool UseCompressedClassPointers               = true                                 {lp64_product} {ergonomic}
     bool UseCompressedOops                        = true                                 {lp64_product} {ergonomic}
     bool UseG1GC                                  = true                                      {product} {ergonomic}
     bool UseLargePagesIndividualAllocation        = false                                  {pd product} {ergonomic}

Logging:
Log output configuration:
 #0: stdout all=warning uptime,level,tags
 #1: stderr all=off uptime,level,tags

Environment Variables:
JAVA_HOME=C:\Program Files\Android\Android Studio\jre
CLASSPATH=D:\app\mobile-tatas-cli\android\\gradle\wrapper\gradle-wrapper.jar
PATH=D:\app\mobile-tatas-cli\android\node_modules\.bin;D:\app\mobile-tatas-cli\node_modules\.bin;D:\app\node_modules\.bin;D:\node_modules\.bin;C:\laragon\bin\nodejs\node-v16.14.2-win-x64;D:\app\mobile-tatas-cli\node_modules\.bin;D:\app\node_modules\.bin;D:\node_modules\.bin;C:\laragon\bin\nodejs\node-v16.14.2-win-x64\node_modules\npm\node_modules\@npmcli\run-script\lib\node-gyp-bin;C:\Users\ASUS\bin;C:\Program Files\Git\mingw64\bin;C:\Program Files\Git\usr\local\bin;C:\Program Files\Git\usr\bin;C:\Program Files\Git\usr\bin;C:\Program Files\Git\mingw64\bin;C:\Program Files\Git\usr\bin;C:\Users\ASUS\bin;C:\Program Files\Microsoft\jdk-11.0.18.10-hotspot\bin;C:\ProgramData\Oracle\Java\javapath;C:\Program Files (x86)\Common Files\Intel\Shared Libraries\redist\intel64\compiler;C:\Program Files (x86)\Common Files\Intel\Shared Files\cpp\bin\Intel64;C:\Windows\system32;C:\Windows;C:\Windows\System32\Wbem;C:\Windows\System32\WindowsPowerShell\v1.0;C:\Program Files (x86)\NVIDIA Corporation\PhysX\Common;C:\WINDOWS\system32;C:\WINDOWS;C:\WINDOWS\System32\Wbem;C:\WINDOWS\System32\WindowsPowerShell\v1.0;C:\WINDOWS\System32\OpenSSH;C:\mingw-w64\mingw64\bin;C:\Program Files (x86)\QuickTime Alternative\QTSystem;?D;C:\Program Files\Git\gradle-6.4\bin;C:\Windows\System32;C:\Program Files\PuTTY;C:\laragon\bin\php\php-8.1.3-Win32-vs16-x64;C:\composer;C:\oraclexe\app\oracle\product\10.2.0\server\bin;C:\Users\ASUS\AppData\Local\Microsoft\WindowsApps;C:\Users\ASUS\AppData\Local\Programs\Microsoft VS Cod;C:\Users\ASUS\AppData\Ro;C:\Program Files\dotnet;C:\Users\ASUS\AppData\Roaming\Composer\vendor\bin;D:\Program Files\MATHLAB\R2013a\runtime\win64;D:\Program Files\MATHLAB\R2013a\bin;C:\laragon\bin\nodejs\node-v16.14.2-win-x64;C:\Program Files\Git\cmd;C:\Users\ASUS\AppData\Local\Android\Sdk\platform-tools;C:\Users\ASUS\AppData\Local\Programs\Python\Python310\Scripts;C:\Users\ASUS\AppData\Local\Programs\Python\Python310;C:\laragon\bin;C:\laragon\bin\apache\httpd-2.4.35-win64-VC15\bin;C:\laragon\bi
USERNAME=ASUS
SHELL=C:\Program Files\Git\usr\bin\bash.exe
DISPLAY=needs-to-be-defined
LANG=en_US.UTF-8
OS=Windows_NT
PROCESSOR_IDENTIFIER=Intel64 Family 6 Model 78 Stepping 3, GenuineIntel



---------------  S Y S T E M  ---------------

OS: Windows 10 , 64 bit Build 19041 (10.0.19041.2913)
OS uptime: 0 days 7:06 hours

CPU:total 4 (initial active 4) (2 cores per cpu, 2 threads per core) family 6 model 78 stepping 3 microcode 0xcc, cmov, cx8, fxsr, mmx, sse, sse2, sse3, ssse3, sse4.1, sse4.2, popcnt, avx, avx2, aes, clmul, erms, 3dnowpref, lzcnt, ht, tsc, tscinvbit, bmi1, bmi2, adx, fma

Memory: 4k page, system-wide physical 8091M (904M free)
TotalPageFile size 10139M (AvailPageFile size 4M)
current process WorkingSet (physical memory assigned to process): 385M, peak: 388M
current process commit charge ("private bytes"): 420M, peak: 422M

vm_info: OpenJDK 64-Bit Server VM (11.0.13+0-b1751.21-8125866) for windows-amd64 JRE (11.0.13+0-b1751.21-8125866), built on Feb  2 2022 03:00:22 by "builder" with MS VC++ 14.0 (VS2015)

END.
