#
# There is insufficient memory for the Java Runtime Environment to continue.
# Native memory allocation (malloc) failed to allocate 229776 bytes for Chunk::new
# Possible reasons:
#   The system is out of physical RAM or swap space
#   The process is running with CompressedOops enabled, and the Java Heap may be blocking the growth of the native heap
# Possible solutions:
#   Reduce memory load on the system
#   Increase physical memory or swap space
#   Check if swap backing store is full
#   Decrease Java heap size (-Xmx/-Xms)
#   Decrease number of Java threads
#   Decrease Java thread stack sizes (-Xss)
#   Set larger code cache with -XX:ReservedCodeCacheSize=
#   JVM is running with Unscaled Compressed Oops mode in which the Java heap is
#     placed in the first 4GB address space. The Java Heap base address is the
#     maximum limit for the native heap growth. Please use -XX:HeapBaseMinAddress
#     to set the Java Heap base and to place the Java Heap above 4GB virtual address.
# This output file may be truncated or incomplete.
#
#  Out of Memory Error (./src/hotspot/share/memory/arena.cpp:197), pid=6232, tid=1332
#
# JRE version: OpenJDK Runtime Environment (11.0.13) (build 11.0.13+0-b1751.21-8125866)
# Java VM: OpenJDK 64-Bit Server VM (11.0.13+0-b1751.21-8125866, mixed mode, tiered, compressed oops, g1 gc, windows-amd64)
# No core dump will be written. Minidumps are not enabled by default on client versions of Windows
#

---------------  S U M M A R Y ------------

Command Line: -Xmx64m -Xms64m -Dorg.gradle.appname=gradlew org.gradle.wrapper.GradleWrapperMain app:installDebug -PreactNativeDevServerPort=8081

Host: Intel(R) Core(TM) i3-6006U CPU @ 2.00GHz, 4 cores, 7G,  Windows 10 , 64 bit Build 19041 (10.0.19041.2913)
Time: Sun May 14 14:39:33 2023 SE Asia Standard Time elapsed time: 1.169648 seconds (0d 0h 0m 1s)

---------------  T H R E A D  ---------------

Current thread (0x000002a1a9430000):  JavaThread "C2 CompilerThread0" daemon [_thread_in_native, id=1332, stack(0x000000d99f100000,0x000000d99f200000)]


Current CompileTask:
C2:   1169  626       4       java.util.HashMap::putVal (300 bytes)

Stack: [0x000000d99f100000,0x000000d99f200000]
Native frames: (J=compiled Java code, j=interpreted, Vv=VM code, C=native code)
V  [jvm.dll+0x6100fa]
V  [jvm.dll+0x747090]
V  [jvm.dll+0x7486ad]
V  [jvm.dll+0x748d83]
V  [jvm.dll+0x24ab48]
V  [jvm.dll+0xc04dc]
V  [jvm.dll+0xc0a0c]
V  [jvm.dll+0x2bfab4]
V  [jvm.dll+0x524238]
V  [jvm.dll+0x20b193]
V  [jvm.dll+0x204ca0]
V  [jvm.dll+0x2023c2]
V  [jvm.dll+0x188e01]
V  [jvm.dll+0x21106b]
V  [jvm.dll+0x20f8c1]
V  [jvm.dll+0x70de0f]
V  [jvm.dll+0x706a75]
V  [jvm.dll+0x60ed66]
C  [zip.dll+0x21bb2]
C  [KERNEL32.DLL+0x17614]
C  [ntdll.dll+0x526a1]


---------------  P R O C E S S  ---------------

Threads class SMR info:
_java_thread_list=0x000002a1a9b05190, length=11, elements={
0x000002a193a56800, 0x000002a1a9409000, 0x000002a1a940a000, 0x000002a1a9429800,
0x000002a1a942b800, 0x000002a1a942c800, 0x000002a1a9430000, 0x000002a1a9474800,
0x000002a1a947e000, 0x000002a1a9713000, 0x000002a1a9ae4000
}

Java Threads: ( => current thread )
  0x000002a193a56800 JavaThread "main" [_thread_in_vm, id=14320, stack(0x000000d99e500000,0x000000d99e600000)]
  0x000002a1a9409000 JavaThread "Reference Handler" daemon [_thread_blocked, id=6444, stack(0x000000d99ec00000,0x000000d99ed00000)]
  0x000002a1a940a000 JavaThread "Finalizer" daemon [_thread_blocked, id=13544, stack(0x000000d99ed00000,0x000000d99ee00000)]
  0x000002a1a9429800 JavaThread "Signal Dispatcher" daemon [_thread_blocked, id=9708, stack(0x000000d99ee00000,0x000000d99ef00000)]
  0x000002a1a942b800 JavaThread "Attach Listener" daemon [_thread_blocked, id=3200, stack(0x000000d99ef00000,0x000000d99f000000)]
  0x000002a1a942c800 JavaThread "Service Thread" daemon [_thread_blocked, id=10900, stack(0x000000d99f000000,0x000000d99f100000)]
=>0x000002a1a9430000 JavaThread "C2 CompilerThread0" daemon [_thread_in_native, id=1332, stack(0x000000d99f100000,0x000000d99f200000)]
  0x000002a1a9474800 JavaThread "C1 CompilerThread0" daemon [_thread_in_native, id=228, stack(0x000000d99f200000,0x000000d99f300000)]
  0x000002a1a947e000 JavaThread "Sweeper thread" daemon [_thread_blocked, id=400, stack(0x000000d99f300000,0x000000d99f400000)]
  0x000002a1a9713000 JavaThread "Common-Cleaner" daemon [_thread_blocked, id=15272, stack(0x000000d99f500000,0x000000d99f600000)]
  0x000002a1a9ae4000 JavaThread "C2 CompilerThread1" daemon [_thread_in_native, id=2148, stack(0x000000d99f700000,0x000000d99f800000)]

Other Threads:
  0x000002a1a93e3000 VMThread "VM Thread" [stack: 0x000000d99eb00000,0x000000d99ec00000] [id=11192]
  0x000002a1a96fb800 WatcherThread [stack: 0x000000d99f400000,0x000000d99f500000] [id=1228]
  0x000002a193a6e000 GCTaskThread "GC Thread#0" [stack: 0x000000d99e600000,0x000000d99e700000] [id=4440]
  0x000002a1a9d09800 GCTaskThread "GC Thread#1" [stack: 0x000000d99f600000,0x000000d99f700000] [id=3704]
  0x000002a193a75800 ConcurrentGCThread "G1 Main Marker" [stack: 0x000000d99e700000,0x000000d99e800000] [id=15304]
  0x000002a193a77000 ConcurrentGCThread "G1 Conc#0" [stack: 0x000000d99e800000,0x000000d99e900000] [id=14348]
  0x000002a193acc000 ConcurrentGCThread "G1 Refine#0" [stack: 0x000000d99e900000,0x000000d99ea00000] [id=7248]
  0x000002a193acd000 ConcurrentGCThread "G1 Young RemSet Sampling" [stack: 0x000000d99ea00000,0x000000d99eb00000] [id=2156]

Threads with active compile tasks:
C2 CompilerThread0   1249  626       4       java.util.HashMap::putVal (300 bytes)
C2 CompilerThread1   1249  651       4       java.util.zip.ZipFile$Source::getEntryPos (206 bytes)

VM state:not at safepoint (normal execution)

VM Mutex/Monitor currently owned by a thread: None

Heap address: 0x00000000fc000000, size: 64 MB, Compressed Oops mode: 32-bit
Narrow klass base: 0x0000000000000000, Narrow klass shift: 3
Compressed class space size: 1073741824 Address: 0x0000000100000000

Heap:
 garbage-first heap   total 65536K, used 9457K [0x00000000fc000000, 0x0000000100000000)
  region size 1024K, 7 young (7168K), 2 survivors (2048K)
 Metaspace       used 8029K, capacity 8177K, committed 8320K, reserved 1056768K
  class space    used 720K, capacity 786K, committed 896K, reserved 1048576K
Heap Regions: E=young(eden), S=young(survivor), O=old, HS=humongous(starts), HC=humongous(continues), CS=collection set, F=free, A=archive, TAMS=top-at-mark-start (previous, next)
|   0|0x00000000fc000000, 0x00000000fc100000, 0x00000000fc100000|100%|HS|  |TAMS 0x00000000fc000000, 0x00000000fc000000| Complete 
|   1|0x00000000fc100000, 0x00000000fc200000, 0x00000000fc200000|100%|HC|  |TAMS 0x00000000fc100000, 0x00000000fc100000| Complete 
|   2|0x00000000fc200000, 0x00000000fc300000, 0x00000000fc300000|100%|HC|  |TAMS 0x00000000fc200000, 0x00000000fc200000| Complete 
|   3|0x00000000fc300000, 0x00000000fc400000, 0x00000000fc400000|100%| O|  |TAMS 0x00000000fc300000, 0x00000000fc300000| Untracked 
|   4|0x00000000fc400000, 0x00000000fc43c600, 0x00000000fc500000| 23%| O|  |TAMS 0x00000000fc400000, 0x00000000fc400000| Untracked 
|   5|0x00000000fc500000, 0x00000000fc500000, 0x00000000fc600000|  0%| F|  |TAMS 0x00000000fc500000, 0x00000000fc500000| Untracked 
|   6|0x00000000fc600000, 0x00000000fc600000, 0x00000000fc700000|  0%| F|  |TAMS 0x00000000fc600000, 0x00000000fc600000| Untracked 
|   7|0x00000000fc700000, 0x00000000fc700000, 0x00000000fc800000|  0%| F|  |TAMS 0x00000000fc700000, 0x00000000fc700000| Untracked 
|   8|0x00000000fc800000, 0x00000000fc800000, 0x00000000fc900000|  0%| F|  |TAMS 0x00000000fc800000, 0x00000000fc800000| Untracked 
|   9|0x00000000fc900000, 0x00000000fc900000, 0x00000000fca00000|  0%| F|  |TAMS 0x00000000fc900000, 0x00000000fc900000| Untracked 
|  10|0x00000000fca00000, 0x00000000fca00000, 0x00000000fcb00000|  0%| F|  |TAMS 0x00000000fca00000, 0x00000000fca00000| Untracked 
|  11|0x00000000fcb00000, 0x00000000fcb00000, 0x00000000fcc00000|  0%| F|  |TAMS 0x00000000fcb00000, 0x00000000fcb00000| Untracked 
|  12|0x00000000fcc00000, 0x00000000fcc00000, 0x00000000fcd00000|  0%| F|  |TAMS 0x00000000fcc00000, 0x00000000fcc00000| Untracked 
|  13|0x00000000fcd00000, 0x00000000fcd00000, 0x00000000fce00000|  0%| F|  |TAMS 0x00000000fcd00000, 0x00000000fcd00000| Untracked 
|  14|0x00000000fce00000, 0x00000000fce00000, 0x00000000fcf00000|  0%| F|  |TAMS 0x00000000fce00000, 0x00000000fce00000| Untracked 
|  15|0x00000000fcf00000, 0x00000000fcf00000, 0x00000000fd000000|  0%| F|  |TAMS 0x00000000fcf00000, 0x00000000fcf00000| Untracked 
|  16|0x00000000fd000000, 0x00000000fd000000, 0x00000000fd100000|  0%| F|  |TAMS 0x00000000fd000000, 0x00000000fd000000| Untracked 
|  17|0x00000000fd100000, 0x00000000fd100000, 0x00000000fd200000|  0%| F|  |TAMS 0x00000000fd100000, 0x00000000fd100000| Untracked 
|  18|0x00000000fd200000, 0x00000000fd200000, 0x00000000fd300000|  0%| F|  |TAMS 0x00000000fd200000, 0x00000000fd200000| Untracked 
|  19|0x00000000fd300000, 0x00000000fd300000, 0x00000000fd400000|  0%| F|  |TAMS 0x00000000fd300000, 0x00000000fd300000| Untracked 
|  20|0x00000000fd400000, 0x00000000fd400000, 0x00000000fd500000|  0%| F|  |TAMS 0x00000000fd400000, 0x00000000fd400000| Untracked 
|  21|0x00000000fd500000, 0x00000000fd500000, 0x00000000fd600000|  0%| F|  |TAMS 0x00000000fd500000, 0x00000000fd500000| Untracked 
|  22|0x00000000fd600000, 0x00000000fd600000, 0x00000000fd700000|  0%| F|  |TAMS 0x00000000fd600000, 0x00000000fd600000| Untracked 
|  23|0x00000000fd700000, 0x00000000fd700000, 0x00000000fd800000|  0%| F|  |TAMS 0x00000000fd700000, 0x00000000fd700000| Untracked 
|  24|0x00000000fd800000, 0x00000000fd800000, 0x00000000fd900000|  0%| F|  |TAMS 0x00000000fd800000, 0x00000000fd800000| Untracked 
|  25|0x00000000fd900000, 0x00000000fd900000, 0x00000000fda00000|  0%| F|  |TAMS 0x00000000fd900000, 0x00000000fd900000| Untracked 
|  26|0x00000000fda00000, 0x00000000fda00000, 0x00000000fdb00000|  0%| F|  |TAMS 0x00000000fda00000, 0x00000000fda00000| Untracked 
|  27|0x00000000fdb00000, 0x00000000fdb00000, 0x00000000fdc00000|  0%| F|  |TAMS 0x00000000fdb00000, 0x00000000fdb00000| Untracked 
|  28|0x00000000fdc00000, 0x00000000fdc00000, 0x00000000fdd00000|  0%| F|  |TAMS 0x00000000fdc00000, 0x00000000fdc00000| Untracked 
|  29|0x00000000fdd00000, 0x00000000fdd00000, 0x00000000fde00000|  0%| F|  |TAMS 0x00000000fdd00000, 0x00000000fdd00000| Untracked 
|  30|0x00000000fde00000, 0x00000000fde00000, 0x00000000fdf00000|  0%| F|  |TAMS 0x00000000fde00000, 0x00000000fde00000| Untracked 
|  31|0x00000000fdf00000, 0x00000000fdf00000, 0x00000000fe000000|  0%| F|  |TAMS 0x00000000fdf00000, 0x00000000fdf00000| Untracked 
|  32|0x00000000fe000000, 0x00000000fe000000, 0x00000000fe100000|  0%| F|  |TAMS 0x00000000fe000000, 0x00000000fe000000| Untracked 
|  33|0x00000000fe100000, 0x00000000fe100000, 0x00000000fe200000|  0%| F|  |TAMS 0x00000000fe100000, 0x00000000fe100000| Untracked 
|  34|0x00000000fe200000, 0x00000000fe200000, 0x00000000fe300000|  0%| F|  |TAMS 0x00000000fe200000, 0x00000000fe200000| Untracked 
|  35|0x00000000fe300000, 0x00000000fe300000, 0x00000000fe400000|  0%| F|  |TAMS 0x00000000fe300000, 0x00000000fe300000| Untracked 
|  36|0x00000000fe400000, 0x00000000fe400000, 0x00000000fe500000|  0%| F|  |TAMS 0x00000000fe400000, 0x00000000fe400000| Untracked 
|  37|0x00000000fe500000, 0x00000000fe500000, 0x00000000fe600000|  0%| F|  |TAMS 0x00000000fe500000, 0x00000000fe500000| Untracked 
|  38|0x00000000fe600000, 0x00000000fe600000, 0x00000000fe700000|  0%| F|  |TAMS 0x00000000fe600000, 0x00000000fe600000| Untracked 
|  39|0x00000000fe700000, 0x00000000fe700000, 0x00000000fe800000|  0%| F|  |TAMS 0x00000000fe700000, 0x00000000fe700000| Untracked 
|  40|0x00000000fe800000, 0x00000000fe800000, 0x00000000fe900000|  0%| F|  |TAMS 0x00000000fe800000, 0x00000000fe800000| Untracked 
|  41|0x00000000fe900000, 0x00000000fe900000, 0x00000000fea00000|  0%| F|  |TAMS 0x00000000fe900000, 0x00000000fe900000| Untracked 
|  42|0x00000000fea00000, 0x00000000fea00000, 0x00000000feb00000|  0%| F|  |TAMS 0x00000000fea00000, 0x00000000fea00000| Untracked 
|  43|0x00000000feb00000, 0x00000000feb00000, 0x00000000fec00000|  0%| F|  |TAMS 0x00000000feb00000, 0x00000000feb00000| Untracked 
|  44|0x00000000fec00000, 0x00000000fec00000, 0x00000000fed00000|  0%| F|  |TAMS 0x00000000fec00000, 0x00000000fec00000| Untracked 
|  45|0x00000000fed00000, 0x00000000fed00000, 0x00000000fee00000|  0%| F|  |TAMS 0x00000000fed00000, 0x00000000fed00000| Untracked 
|  46|0x00000000fee00000, 0x00000000fee00000, 0x00000000fef00000|  0%| F|  |TAMS 0x00000000fee00000, 0x00000000fee00000| Untracked 
|  47|0x00000000fef00000, 0x00000000fef00000, 0x00000000ff000000|  0%| F|  |TAMS 0x00000000fef00000, 0x00000000fef00000| Untracked 
|  48|0x00000000ff000000, 0x00000000ff100000, 0x00000000ff100000|100%| S|CS|TAMS 0x00000000ff000000, 0x00000000ff000000| Complete 
|  49|0x00000000ff100000, 0x00000000ff200000, 0x00000000ff200000|100%| S|CS|TAMS 0x00000000ff100000, 0x00000000ff100000| Complete 
|  50|0x00000000ff200000, 0x00000000ff200000, 0x00000000ff300000|  0%| F|  |TAMS 0x00000000ff200000, 0x00000000ff200000| Untracked 
|  51|0x00000000ff300000, 0x00000000ff300000, 0x00000000ff400000|  0%| F|  |TAMS 0x00000000ff300000, 0x00000000ff300000| Untracked 
|  52|0x00000000ff400000, 0x00000000ff400000, 0x00000000ff500000|  0%| F|  |TAMS 0x00000000ff400000, 0x00000000ff400000| Untracked 
|  53|0x00000000ff500000, 0x00000000ff500000, 0x00000000ff600000|  0%| F|  |TAMS 0x00000000ff500000, 0x00000000ff500000| Untracked 
|  54|0x00000000ff600000, 0x00000000ff600000, 0x00000000ff700000|  0%| F|  |TAMS 0x00000000ff600000, 0x00000000ff600000| Untracked 
|  55|0x00000000ff700000, 0x00000000ff700000, 0x00000000ff800000|  0%| F|  |TAMS 0x00000000ff700000, 0x00000000ff700000| Untracked 
|  56|0x00000000ff800000, 0x00000000ff800000, 0x00000000ff900000|  0%| F|  |TAMS 0x00000000ff800000, 0x00000000ff800000| Untracked 
|  57|0x00000000ff900000, 0x00000000ff900000, 0x00000000ffa00000|  0%| F|  |TAMS 0x00000000ff900000, 0x00000000ff900000| Untracked 
|  58|0x00000000ffa00000, 0x00000000ffa00000, 0x00000000ffb00000|  0%| F|  |TAMS 0x00000000ffa00000, 0x00000000ffa00000| Untracked 
|  59|0x00000000ffb00000, 0x00000000ffbb8eb0, 0x00000000ffc00000| 72%| E|  |TAMS 0x00000000ffb00000, 0x00000000ffb00000| Complete 
|  60|0x00000000ffc00000, 0x00000000ffd00000, 0x00000000ffd00000|100%| E|CS|TAMS 0x00000000ffc00000, 0x00000000ffc00000| Complete 
|  61|0x00000000ffd00000, 0x00000000ffe00000, 0x00000000ffe00000|100%| E|  |TAMS 0x00000000ffd00000, 0x00000000ffd00000| Complete 
|  62|0x00000000ffe00000, 0x00000000fff00000, 0x00000000fff00000|100%| E|CS|TAMS 0x00000000ffe00000, 0x00000000ffe00000| Complete 
|  63|0x00000000fff00000, 0x0000000100000000, 0x0000000100000000|100%| E|CS|TAMS 0x00000000fff00000, 0x00000000fff00000| Complete 

Card table byte_map: [0x000002a193870000,0x000002a193890000] _byte_map_base: 0x000002a193090000

Marking Bits (Prev, Next): (CMBitMap*) 0x000002a193a74668, (CMBitMap*) 0x000002a193a746a0
 Prev Bits: [0x000002a1938b0000, 0x000002a1939b0000)
 Next Bits: [0x000002a1a6570000, 0x000002a1a6670000)

Polling page: 0x000002a191a40000

Metaspace:

Usage:
  Non-class:      7.22 MB capacity,     7.14 MB ( 99%) used,    74.87 KB (  1%) free+waste,     6.25 KB ( <1%) overhead. 
      Class:    787.00 KB capacity,   722.02 KB ( 92%) used,    62.04 KB (  8%) free+waste,     2.94 KB ( <1%) overhead. 
       Both:      7.99 MB capacity,     7.85 MB ( 98%) used,   136.91 KB (  2%) free+waste,     9.19 KB ( <1%) overhead. 

Virtual space:
  Non-class space:        8.00 MB reserved,       7.25 MB ( 91%) committed 
      Class space:        1.00 GB reserved,     896.00 KB ( <1%) committed 
             Both:        1.01 GB reserved,       8.13 MB ( <1%) committed 

Chunk freelists:
   Non-Class:  31.00 KB
       Class:  13.00 KB
        Both:  44.00 KB

MaxMetaspaceSize: 17179869184.00 GB
CompressedClassSpaceSize: 1.00 GB
Initial GC threshold: 20.80 MB
Current GC threshold: 20.80 MB
CDS: off

CodeHeap 'non-profiled nmethods': size=120064Kb used=198Kb max_used=198Kb free=119865Kb
 bounds [0x000002a19f030000, 0x000002a19f2a0000, 0x000002a1a6570000]
CodeHeap 'profiled nmethods': size=120000Kb used=1225Kb max_used=1225Kb free=118774Kb
 bounds [0x000002a197b00000, 0x000002a197d70000, 0x000002a19f030000]
CodeHeap 'non-nmethods': size=5696Kb used=1106Kb max_used=1122Kb free=4589Kb
 bounds [0x000002a197570000, 0x000002a1977e0000, 0x000002a197b00000]
 total_blobs=1006 nmethods=653 adapters=266
 compilation: enabled
              stopped_count=0, restarted_count=0
 full_count=0

Compilation events (20 events):
Event: 1.125 Thread 0x000002a1a9474800 nmethod 618 0x000002a197c11e90 code [0x000002a197c12040, 0x000002a197c12168]
Event: 1.125 Thread 0x000002a1a9474800  619       1       sun.nio.fs.NativeBuffer::owner (5 bytes)
Event: 1.125 Thread 0x000002a1a9474800 nmethod 619 0x000002a19f060790 code [0x000002a19f060940, 0x000002a19f0609f8]
Event: 1.126 Thread 0x000002a1a9474800  620       3       java.util.concurrent.TimeUnit::toMillis (69 bytes)
Event: 1.127 Thread 0x000002a1a9474800 nmethod 620 0x000002a197c12210 code [0x000002a197c123c0, 0x000002a197c12678]
Event: 1.130 Thread 0x000002a1a9474800  621       3       java.util.Arrays::fill (21 bytes)
Event: 1.131 Thread 0x000002a1a9474800 nmethod 621 0x000002a197c12710 code [0x000002a197c128c0, 0x000002a197c12a58]
Event: 1.131 Thread 0x000002a1a9474800  622       3       sun.net.util.URLUtil::urlNoFragString (114 bytes)
Event: 1.134 Thread 0x000002a1a9474800 nmethod 622 0x000002a197c12b90 code [0x000002a197c12ee0, 0x000002a197c14148]
Event: 1.135 Thread 0x000002a1a9430000  623       4       java.lang.AbstractStringBuilder::appendChars (133 bytes)
Event: 1.139 Thread 0x000002a1a9474800  625       3       java.util.zip.ZipFile$Source::initCEN (697 bytes)
Event: 1.144 Thread 0x000002a1a9430000 nmethod 623 0x000002a19f060a90 code [0x000002a19f060c40, 0x000002a19f060e88]
Event: 1.144 Thread 0x000002a1a9430000  626       4       java.util.HashMap::putVal (300 bytes)
Event: 1.147 Thread 0x000002a1a9474800 nmethod 625 0x000002a197c14790 code [0x000002a197c14e00, 0x000002a197c18968]
Event: 1.148 Thread 0x000002a1a9474800  627       3       jdk.internal.util.jar.JarIndex::addMapping (21 bytes)
Event: 1.148 Thread 0x000002a1a9474800 nmethod 627 0x000002a197c1a390 code [0x000002a197c1a560, 0x000002a197c1a6f8]
Event: 1.148 Thread 0x000002a1a9474800  628       3       java.util.jar.JarFile$1::apply (9 bytes)
Event: 1.148 Thread 0x000002a1a9474800 nmethod 628 0x000002a197c1a810 code [0x000002a197c1aa00, 0x000002a197c1ae88]
Event: 1.154 Thread 0x000002a1a9474800  629       3       java.io.FilterInputStream::<init> (10 bytes)
Event: 1.154 Thread 0x000002a1a9474800 nmethod 629 0x000002a197c1b010 code [0x000002a197c1b1c0, 0x000002a197c1b3d8]

GC Heap History (2 events):
Event: 1.064 GC heap before
{Heap before GC invocations=0 (full 0):
 garbage-first heap   total 65536K, used 16384K [0x00000000fc000000, 0x0000000100000000)
  region size 1024K, 14 young (14336K), 0 survivors (0K)
 Metaspace       used 7656K, capacity 7889K, committed 7936K, reserved 1056768K
  class space    used 675K, capacity 754K, committed 768K, reserved 1048576K
}
Event: 1.078 GC heap after
{Heap after GC invocations=1 (full 0):
 garbage-first heap   total 65536K, used 3313K [0x00000000fc000000, 0x0000000100000000)
  region size 1024K, 2 young (2048K), 2 survivors (2048K)
 Metaspace       used 7656K, capacity 7889K, committed 7936K, reserved 1056768K
  class space    used 675K, capacity 754K, committed 768K, reserved 1048576K
}

Deoptimization events (20 events):
Event: 0.995 Thread 0x000002a193a56800 DEOPT PACKING pc=0x000002a19f058208 sp=0x000000d99e5f9e20
Event: 0.995 Thread 0x000002a193a56800 DEOPT UNPACKING pc=0x000002a1975ba1af sp=0x000000d99e5f9db0 mode 2
Event: 1.015 Thread 0x000002a193a56800 Uncommon trap: trap_request=0xffffffde fr.pc=0x000002a19f058270 relative=0x0000000000000f50
Event: 1.015 Thread 0x000002a193a56800 Uncommon trap: reason=class_check action=maybe_recompile pc=0x000002a19f058270 method=java.util.HashMap.putVal(ILjava/lang/Object;Ljava/lang/Object;ZZ)Ljava/lang/Object; @ 203 c2
Event: 1.015 Thread 0x000002a193a56800 DEOPT PACKING pc=0x000002a19f058270 sp=0x000000d99e5f9e20
Event: 1.015 Thread 0x000002a193a56800 DEOPT UNPACKING pc=0x000002a1975ba1af sp=0x000000d99e5f9db0 mode 2
Event: 1.017 Thread 0x000002a193a56800 Uncommon trap: trap_request=0xffffffde fr.pc=0x000002a19f058208 relative=0x0000000000000ee8
Event: 1.017 Thread 0x000002a193a56800 Uncommon trap: reason=class_check action=maybe_recompile pc=0x000002a19f058208 method=java.util.HashMap.putVal(ILjava/lang/Object;Ljava/lang/Object;ZZ)Ljava/lang/Object; @ 91 c2
Event: 1.017 Thread 0x000002a193a56800 DEOPT PACKING pc=0x000002a19f058208 sp=0x000000d99e5f9e20
Event: 1.017 Thread 0x000002a193a56800 DEOPT UNPACKING pc=0x000002a1975ba1af sp=0x000000d99e5f9db0 mode 2
Event: 1.054 Thread 0x000002a193a56800 DEOPT PACKING pc=0x000002a197b569e8 sp=0x000000d99e5f6100
Event: 1.054 Thread 0x000002a193a56800 DEOPT UNPACKING pc=0x000002a1975ba95e sp=0x000000d99e5f55d0 mode 0
Event: 1.087 Thread 0x000002a193a56800 DEOPT PACKING pc=0x000002a197bdac22 sp=0x000000d99e5f8d30
Event: 1.087 Thread 0x000002a193a56800 DEOPT UNPACKING pc=0x000002a1975ba95e sp=0x000000d99e5f8198 mode 0
Event: 1.112 Thread 0x000002a193a56800 Uncommon trap: trap_request=0xffffffde fr.pc=0x000002a19f058208 relative=0x0000000000000ee8
Event: 1.112 Thread 0x000002a193a56800 Uncommon trap: reason=class_check action=maybe_recompile pc=0x000002a19f058208 method=java.util.HashMap.putVal(ILjava/lang/Object;Ljava/lang/Object;ZZ)Ljava/lang/Object; @ 91 c2
Event: 1.112 Thread 0x000002a193a56800 DEOPT PACKING pc=0x000002a19f058208 sp=0x000000d99e5fa960
Event: 1.112 Thread 0x000002a193a56800 DEOPT UNPACKING pc=0x000002a1975ba1af sp=0x000000d99e5fa8f0 mode 2
Event: 1.138 Thread 0x000002a193a56800 DEOPT PACKING pc=0x000002a197b59e50 sp=0x000000d99e5f7220
Event: 1.138 Thread 0x000002a193a56800 DEOPT UNPACKING pc=0x000002a1975ba95e sp=0x000000d99e5f66c0 mode 0

Classes redefined (0 events):
No events

Internal exceptions (3 events):
Event: 0.525 Thread 0x000002a193a56800 Exception <a 'java/lang/NoSuchMethodError'{0x00000000ffc411a0}: 'int java.lang.invoke.DirectMethodHandle$Holder.invokeStaticInit(java.lang.Object, java.lang.Object)'> (0x00000000ffc411a0) thrown at [./src/hotspot/share/interpreter/linkResolver.cpp, line 773]
Event: 0.604 Thread 0x000002a193a56800 Exception <a 'java/lang/NoSuchMethodError'{0x00000000ffb147d0}: 'int java.lang.invoke.DirectMethodHandle$Holder.invokeSpecial(java.lang.Object, java.lang.Object, java.lang.Object, java.lang.Object)'> (0x00000000ffb147d0) thrown at [./src/hotspot/share/interpreter/linkResolver.cpp, line 773]
Event: 0.617 Thread 0x000002a193a56800 Exception <a 'java/lang/NoSuchMethodError'{0x00000000ffb4d1c8}: 'int java.lang.invoke.DirectMethodHandle$Holder.invokeSpecialIFC(java.lang.Object, java.lang.Object, int)'> (0x00000000ffb4d1c8) thrown at [./src/hotspot/share/interpreter/linkResolver.cpp, line 773]

Events (20 events):
Event: 1.097 loading class java/util/concurrent/LinkedBlockingQueue$Node
Event: 1.097 loading class java/util/concurrent/LinkedBlockingQueue$Node done
Event: 1.097 loading class org/slf4j/helpers/NOPLoggerFactory
Event: 1.097 loading class org/slf4j/helpers/NOPLoggerFactory done
Event: 1.098 loading class org/slf4j/helpers/Util
Event: 1.098 loading class org/slf4j/helpers/Util done
Event: 1.099 loading class java/lang/SecurityException
Event: 1.099 loading class java/lang/SecurityException done
Event: 1.099 loading class java/util/Collections$EmptyEnumeration
Event: 1.099 loading class java/util/Collections$EmptyEnumeration done
Event: 1.099 loading class jdk/internal/loader/BuiltinClassLoader$1
Event: 1.100 loading class jdk/internal/loader/BuiltinClassLoader$1 done
Event: 1.100 loading class java/lang/CompoundEnumeration
Event: 1.101 loading class java/lang/CompoundEnumeration done
Event: 1.101 loading class jdk/internal/loader/URLClassPath$1
Event: 1.101 loading class jdk/internal/loader/URLClassPath$1 done
Event: 1.101 loading class java/net/URLClassLoader$3
Event: 1.101 loading class java/net/URLClassLoader$3 done
Event: 1.101 loading class java/net/URLClassLoader$3$1
Event: 1.101 loading class java/net/URLClassLoader$3$1 done


Dynamic libraries:
0x00007ff620cd0000 - 0x00007ff620cda000 	C:\Program Files\Android\Android Studio\jre\bin\java.exe
0x00007ffb2e750000 - 0x00007ffb2e948000 	C:\WINDOWS\SYSTEM32\ntdll.dll
0x00007ffb2d780000 - 0x00007ffb2d83f000 	C:\WINDOWS\System32\KERNEL32.DLL
0x00007ffb2c2c0000 - 0x00007ffb2c5b6000 	C:\WINDOWS\System32\KERNELBASE.dll
0x00007ffb2bea0000 - 0x00007ffb2bfa0000 	C:\WINDOWS\System32\ucrtbase.dll
0x00007ffb220d0000 - 0x00007ffb220e7000 	C:\Program Files\Android\Android Studio\jre\bin\VCRUNTIME140.dll
0x00007ffb21ff0000 - 0x00007ffb22009000 	C:\Program Files\Android\Android Studio\jre\bin\jli.dll
0x00007ffb2d2e0000 - 0x00007ffb2d47d000 	C:\WINDOWS\System32\USER32.dll
0x00007ffb2bff0000 - 0x00007ffb2c012000 	C:\WINDOWS\System32\win32u.dll
0x00007ffb2d1f0000 - 0x00007ffb2d21c000 	C:\WINDOWS\System32\GDI32.dll
0x00007ffb2c020000 - 0x00007ffb2c135000 	C:\WINDOWS\System32\gdi32full.dll
0x00007ffb1ad90000 - 0x00007ffb1b02a000 	C:\WINDOWS\WinSxS\amd64_microsoft.windows.common-controls_6595b64144ccf1df_6.0.19041.1110_none_60b5254171f9507e\COMCTL32.dll
0x00007ffb2c140000 - 0x00007ffb2c1dd000 	C:\WINDOWS\System32\msvcp_win.dll
0x00007ffb2d6e0000 - 0x00007ffb2d77e000 	C:\WINDOWS\System32\msvcrt.dll
0x00007ffb2d1c0000 - 0x00007ffb2d1f0000 	C:\WINDOWS\System32\IMM32.DLL
0x00007ffb13940000 - 0x00007ffb139dd000 	C:\Program Files\Android\Android Studio\jre\bin\msvcp140.dll
0x00007ffadb920000 - 0x00007ffadc422000 	C:\Program Files\Android\Android Studio\jre\bin\server\jvm.dll
0x00007ffb2c860000 - 0x00007ffb2c90f000 	C:\WINDOWS\System32\ADVAPI32.dll
0x00007ffb2c7c0000 - 0x00007ffb2c85c000 	C:\WINDOWS\System32\sechost.dll
0x00007ffb2d8f0000 - 0x00007ffb2da16000 	C:\WINDOWS\System32\RPCRT4.dll
0x00007ffb2da80000 - 0x00007ffb2da88000 	C:\WINDOWS\System32\PSAPI.DLL
0x00007ffb1ea40000 - 0x00007ffb1ea49000 	C:\WINDOWS\SYSTEM32\WSOCK32.dll
0x00007ffb2db20000 - 0x00007ffb2db8b000 	C:\WINDOWS\System32\WS2_32.dll
0x00007ffb1e940000 - 0x00007ffb1e967000 	C:\WINDOWS\SYSTEM32\WINMM.dll
0x00007ffb25340000 - 0x00007ffb2534a000 	C:\WINDOWS\SYSTEM32\VERSION.dll
0x00007ffb2a6d0000 - 0x00007ffb2a6e2000 	C:\WINDOWS\SYSTEM32\kernel.appcore.dll
0x00007ffb21fd0000 - 0x00007ffb21fe1000 	C:\Program Files\Android\Android Studio\jre\bin\verify.dll
0x00007ffb2a380000 - 0x00007ffb2a564000 	C:\WINDOWS\SYSTEM32\DBGHELP.DLL
0x00007ffb23750000 - 0x00007ffb23784000 	C:\WINDOWS\SYSTEM32\dbgcore.DLL
0x00007ffb2c5c0000 - 0x00007ffb2c642000 	C:\WINDOWS\System32\bcryptPrimitives.dll
0x00007ffb1fa70000 - 0x00007ffb1fa99000 	C:\Program Files\Android\Android Studio\jre\bin\java.dll
0x00007ffb26a40000 - 0x00007ffb26a4b000 	C:\Program Files\Android\Android Studio\jre\bin\jimage.dll
0x00007ffb21740000 - 0x00007ffb21758000 	C:\Program Files\Android\Android Studio\jre\bin\zip.dll
0x00007ffb2db90000 - 0x00007ffb2e2d4000 	C:\WINDOWS\System32\SHELL32.dll
0x00007ffb29be0000 - 0x00007ffb2a373000 	C:\WINDOWS\SYSTEM32\windows.storage.dll
0x00007ffb2e2e0000 - 0x00007ffb2e634000 	C:\WINDOWS\System32\combase.dll
0x00007ffb2b890000 - 0x00007ffb2b8be000 	C:\WINDOWS\SYSTEM32\Wldp.dll
0x00007ffb2d110000 - 0x00007ffb2d1bd000 	C:\WINDOWS\System32\SHCORE.dll
0x00007ffb2da20000 - 0x00007ffb2da75000 	C:\WINDOWS\System32\shlwapi.dll
0x00007ffb2bd70000 - 0x00007ffb2bd8f000 	C:\WINDOWS\SYSTEM32\profapi.dll
0x00007ffb215a0000 - 0x00007ffb215ba000 	C:\Program Files\Android\Android Studio\jre\bin\net.dll
0x00007ffb23ad0000 - 0x00007ffb23bda000 	C:\WINDOWS\SYSTEM32\WINHTTP.dll
0x00007ffb2b5f0000 - 0x00007ffb2b65a000 	C:\WINDOWS\system32\mswsock.dll
0x00007ffb21480000 - 0x00007ffb21494000 	C:\Program Files\Android\Android Studio\jre\bin\nio.dll

dbghelp: loaded successfully - version: 4.0.5 - missing functions: none
symbol engine: initialized successfully - sym options: 0x614 - pdb path: .;C:\Program Files\Android\Android Studio\jre\bin;C:\WINDOWS\SYSTEM32;C:\WINDOWS\WinSxS\amd64_microsoft.windows.common-controls_6595b64144ccf1df_6.0.19041.1110_none_60b5254171f9507e;C:\Program Files\Android\Android Studio\jre\bin\server

VM Arguments:
jvm_args: -Xmx64m -Xms64m -Dorg.gradle.appname=gradlew 
java_command: org.gradle.wrapper.GradleWrapperMain app:installDebug -PreactNativeDevServerPort=8081
java_class_path (initial): D:\app\mobile-tatas-cli\android\\gradle\wrapper\gradle-wrapper.jar
Launcher Type: SUN_STANDARD

[Global flags]
     intx CICompilerCount                          = 3                                         {product} {ergonomic}
     uint ConcGCThreads                            = 1                                         {product} {ergonomic}
     uint G1ConcRefinementThreads                  = 4                                         {product} {ergonomic}
   size_t G1HeapRegionSize                         = 1048576                                   {product} {ergonomic}
    uintx GCDrainStackTargetSize                   = 64                                        {product} {ergonomic}
   size_t InitialHeapSize                          = 67108864                                  {product} {command line}
   size_t MarkStackSize                            = 4194304                                   {product} {ergonomic}
   size_t MaxHeapSize                              = 67108864                                  {product} {command line}
   size_t MaxNewSize                               = 39845888                                  {product} {ergonomic}
   size_t MinHeapDeltaBytes                        = 1048576                                   {product} {ergonomic}
    uintx NonNMethodCodeHeapSize                   = 5830732                                {pd product} {ergonomic}
    uintx NonProfiledCodeHeapSize                  = 122913754                              {pd product} {ergonomic}
    uintx ProfiledCodeHeapSize                     = 122913754                              {pd product} {ergonomic}
    uintx ReservedCodeCacheSize                    = 251658240                              {pd product} {ergonomic}
     bool SegmentedCodeCache                       = true                                      {product} {ergonomic}
     bool UseCompressedClassPointers               = true                                 {lp64_product} {ergonomic}
     bool UseCompressedOops                        = true                                 {lp64_product} {ergonomic}
     bool UseG1GC                                  = true                                      {product} {ergonomic}
     bool UseLargePagesIndividualAllocation        = false                                  {pd product} {ergonomic}

Logging:
Log output configuration:
 #0: stdout all=warning uptime,level,tags
 #1: stderr all=off uptime,level,tags

Environment Variables:
JAVA_HOME=C:\Program Files\Android\Android Studio\jre
CLASSPATH=D:\app\mobile-tatas-cli\android\\gradle\wrapper\gradle-wrapper.jar
PATH=D:\app\mobile-tatas-cli\android\node_modules\.bin;D:\app\mobile-tatas-cli\node_modules\.bin;D:\app\node_modules\.bin;D:\node_modules\.bin;C:\laragon\bin\nodejs\node-v16.14.2-win-x64;D:\app\mobile-tatas-cli\node_modules\.bin;D:\app\mobile-tatas-cli\node_modules\.bin;D:\app\node_modules\.bin;D:\node_modules\.bin;C:\laragon\bin\nodejs\node-v16.14.2-win-x64\node_modules\npm\node_modules\@npmcli\run-script\lib\node-gyp-bin;D:\app\mobile-tatas-cli\node_modules\.bin;D:\app\node_modules\.bin;D:\node_modules\.bin;C:\laragon\bin\nodejs\node-v16.14.2-win-x64;D:\app\mobile-tatas-cli\node_modules\.bin;D:\app\node_modules\.bin;D:\node_modules\.bin;C:\laragon\bin\nodejs\node-v16.14.2-win-x64\node_modules\npm\node_modules\@npmcli\run-script\lib\node-gyp-bin;C:\Users\ASUS\bin;C:\Program Files\Git\mingw64\bin;C:\Program Files\Git\usr\local\bin;C:\Program Files\Git\usr\bin;C:\Program Files\Git\usr\bin;C:\Program Files\Git\mingw64\bin;C:\Program Files\Git\usr\bin;C:\Users\ASUS\bin;C:\Program Files\Microsoft\jdk-11.0.18.10-hotspot\bin;C:\ProgramData\Oracle\Java\javapath;C:\Program Files (x86)\Common Files\Intel\Shared Libraries\redist\intel64\compiler;C:\Program Files (x86)\Common Files\Intel\Shared Files\cpp\bin\Intel64;C:\Windows\system32;C:\Windows;C:\Windows\System32\Wbem;C:\Windows\System32\WindowsPowerShell\v1.0;C:\Program Files (x86)\NVIDIA Corporation\PhysX\Common;C:\WINDOWS\system32;C:\WINDOWS;C:\WINDOWS\System32\Wbem;C:\WINDOWS\System32\WindowsPowerShell\v1.0;C:\WINDOWS\System32\OpenSSH;C:\mingw-w64\mingw64\bin;C:\Program Files (x86)\QuickTime Alternative\QTSystem;?D;C:\Program Files\Git\gradle-6.4\bin;C:\Windows\System32;C:\Program Files\PuTTY;C:\laragon\bin\php\php-8.1.3-Win32-vs16-x64;C:\composer;C:\oraclexe\app\oracle\product\10.2.0\server\bin;C:\Users\ASUS\AppData\Local\Microsoft\WindowsApps;C:\Users\ASUS\AppData\Local\Programs\Microsoft VS Cod;C:\Users\ASUS\AppData\Ro;C:\Program Files\dotnet;C:\Users\ASUS\AppData\Roaming\Composer\vendor\bin;D:\Program Files\MATHLAB\R20
USERNAME=ASUS
SHELL=C:\Program Files\Git\usr\bin\bash.exe
DISPLAY=needs-to-be-defined
LANG=en_US.UTF-8
OS=Windows_NT
PROCESSOR_IDENTIFIER=Intel64 Family 6 Model 78 Stepping 3, GenuineIntel



---------------  S Y S T E M  ---------------

OS: Windows 10 , 64 bit Build 19041 (10.0.19041.2913)
OS uptime: 0 days 13:35 hours

CPU:total 4 (initial active 4) (2 cores per cpu, 2 threads per core) family 6 model 78 stepping 3 microcode 0xcc, cmov, cx8, fxsr, mmx, sse, sse2, sse3, ssse3, sse4.1, sse4.2, popcnt, avx, avx2, aes, clmul, erms, 3dnowpref, lzcnt, ht, tsc, tscinvbit, bmi1, bmi2, adx, fma

Memory: 4k page, system-wide physical 8091M (1711M free)
TotalPageFile size 10139M (AvailPageFile size 1M)
current process WorkingSet (physical memory assigned to process): 66M, peak: 66M
current process commit charge ("private bytes"): 143M, peak: 143M

vm_info: OpenJDK 64-Bit Server VM (11.0.13+0-b1751.21-8125866) for windows-amd64 JRE (11.0.13+0-b1751.21-8125866), built on Feb  2 2022 03:00:22 by "builder" with MS VC++ 14.0 (VS2015)

END.
