#
# There is insufficient memory for the Java Runtime Environment to continue.
# Native memory allocation (mmap) failed to map 67108864 bytes for Failed to commit area from 0x00000000fc000000 to 0x0000000100000000 of length 67108864.
# Possible reasons:
#   The system is out of physical RAM or swap space
#   The process is running with CompressedOops enabled, and the Java Heap may be blocking the growth of the native heap
# Possible solutions:
#   Reduce memory load on the system
#   Increase physical memory or swap space
#   Check if swap backing store is full
#   Decrease Java heap size (-Xmx/-Xms)
#   Decrease number of Java threads
#   Decrease Java thread stack sizes (-Xss)
#   Set larger code cache with -XX:ReservedCodeCacheSize=
# This output file may be truncated or incomplete.
#
#  Out of Memory Error (./src/hotspot/os/windows/os_windows.cpp:3619), pid=10296, tid=16860
#
# JRE version:  (11.0.13) (build )
# Java VM: OpenJDK 64-Bit Server VM (11.0.13+0-b1751.21-8125866, mixed mode, sharing, tiered, compressed oops, g1 gc, windows-amd64)
# No core dump will be written. Minidumps are not enabled by default on client versions of Windows
#

---------------  S U M M A R Y ------------

Command Line: -Xmx64m -Xms64m -Dorg.gradle.appname=gradlew org.gradle.wrapper.GradleWrapperMain app:installDebug -PreactNativeDevServerPort=8081

Host: Intel(R) Core(TM) i3-6006U CPU @ 2.00GHz, 4 cores, 7G,  Windows 10 , 64 bit Build 19041 (10.0.19041.2913)
Time: Sun Jun 18 20:13:24 2023 SE Asia Standard Time elapsed time: 0.102885 seconds (0d 0h 0m 0s)

---------------  T H R E A D  ---------------

Current thread (0x00000240a1df7000):  JavaThread "Unknown thread" [_thread_in_vm, id=16860, stack(0x0000008316600000,0x0000008316700000)]

Stack: [0x0000008316600000,0x0000008316700000]
Native frames: (J=compiled Java code, j=interpreted, Vv=VM code, C=native code)
V  [jvm.dll+0x6100fa]
V  [jvm.dll+0x747090]
V  [jvm.dll+0x7486ad]
V  [jvm.dll+0x748d83]
V  [jvm.dll+0x24ab48]
V  [jvm.dll+0x60d164]
V  [jvm.dll+0x601e75]
V  [jvm.dll+0x308bdb]
V  [jvm.dll+0x308b4a]
V  [jvm.dll+0x308a22]
V  [jvm.dll+0x30d986]
V  [jvm.dll+0x357093]
V  [jvm.dll+0x357796]
V  [jvm.dll+0x357193]
V  [jvm.dll+0x2e3448]
V  [jvm.dll+0x2e45f7]
V  [jvm.dll+0x7242e7]
V  [jvm.dll+0x725adc]
V  [jvm.dll+0x364629]
V  [jvm.dll+0x707cee]
V  [jvm.dll+0x3d2633]
V  [jvm.dll+0x3d4a21]
C  [jli.dll+0x536b]
C  [ucrtbase.dll+0x21bb2]
C  [KERNEL32.DLL+0x17614]
C  [ntdll.dll+0x526a1]


---------------  P R O C E S S  ---------------

Threads class SMR info:
_java_thread_list=0x000002409fb27b40, length=0, elements={
}

Java Threads: ( => current thread )

Other Threads:
  0x00000240a1e0f000 GCTaskThread "GC Thread#0" [stack: 0x0000008316700000,0x0000008316800000] [id=14792]
  0x00000240a1e16800 ConcurrentGCThread "G1 Main Marker" [stack: 0x0000008316800000,0x0000008316900000] [id=16548]
  0x00000240a1e18000 ConcurrentGCThread "G1 Conc#0" [stack: 0x0000008316900000,0x0000008316a00000] [id=8820]

[error occurred during error reporting (printing all threads), id 0xc0000005, EXCEPTION_ACCESS_VIOLATION (0xc0000005) at pc=0x00007ffd72d13dd7]

VM state:not at safepoint (not fully initialized)

VM Mutex/Monitor currently owned by a thread:  ([mutex/lock_event])
[0x00000240a1df3e40] Heap_lock - owner thread: 0x00000240a1df7000

Heap address: 0x00000000fc000000, size: 64 MB, Compressed Oops mode: Non-zero based: 0x00000000fc000000
Narrow klass base: 0x0000000000000000, Narrow klass shift: 0

GC Heap History (0 events):
No events

Deoptimization events (0 events):
No events

Classes redefined (0 events):
No events

Internal exceptions (0 events):
No events

Events (1 events):
Event: 0.042 Loaded shared library C:\Program Files\Android\Android Studio\jre\bin\zip.dll


Dynamic libraries:
0x00007ff7d8a40000 - 0x00007ff7d8a4a000 	C:\Program Files\Android\Android Studio\jre\bin\java.exe
0x00007ffdae7d0000 - 0x00007ffdae9c8000 	C:\WINDOWS\SYSTEM32\ntdll.dll
0x00007ffdadcb0000 - 0x00007ffdadd6f000 	C:\WINDOWS\System32\KERNEL32.DLL
0x00007ffdabfb0000 - 0x00007ffdac2a6000 	C:\WINDOWS\System32\KERNELBASE.dll
0x00007ffdac460000 - 0x00007ffdac560000 	C:\WINDOWS\System32\ucrtbase.dll
0x00007ffda3c20000 - 0x00007ffda3c39000 	C:\Program Files\Android\Android Studio\jre\bin\jli.dll
0x00007ffdad820000 - 0x00007ffdad9bd000 	C:\WINDOWS\System32\USER32.dll
0x00007ffdabee0000 - 0x00007ffdabf02000 	C:\WINDOWS\System32\win32u.dll
0x00007ffdac8e0000 - 0x00007ffdac90c000 	C:\WINDOWS\System32\GDI32.dll
0x00007ffdac710000 - 0x00007ffdac825000 	C:\WINDOWS\System32\gdi32full.dll
0x00007ffda0780000 - 0x00007ffda0797000 	C:\Program Files\Android\Android Studio\jre\bin\VCRUNTIME140.dll
0x00007ffdabf10000 - 0x00007ffdabfad000 	C:\WINDOWS\System32\msvcp_win.dll
0x00007ffd9e790000 - 0x00007ffd9ea2a000 	C:\WINDOWS\WinSxS\amd64_microsoft.windows.common-controls_6595b64144ccf1df_6.0.19041.1110_none_60b5254171f9507e\COMCTL32.dll
0x00007ffdac830000 - 0x00007ffdac8ce000 	C:\WINDOWS\System32\msvcrt.dll
0x00007ffdae1e0000 - 0x00007ffdae210000 	C:\WINDOWS\System32\IMM32.DLL
0x00007ffd82510000 - 0x00007ffd825ad000 	C:\Program Files\Android\Android Studio\jre\bin\msvcp140.dll
0x00007ffd72a20000 - 0x00007ffd73522000 	C:\Program Files\Android\Android Studio\jre\bin\server\jvm.dll
0x00007ffdad6a0000 - 0x00007ffdad74f000 	C:\WINDOWS\System32\ADVAPI32.dll
0x00007ffdad5a0000 - 0x00007ffdad63c000 	C:\WINDOWS\System32\sechost.dll
0x00007ffdad3c0000 - 0x00007ffdad4e6000 	C:\WINDOWS\System32\RPCRT4.dll
0x00007ffdac8d0000 - 0x00007ffdac8d8000 	C:\WINDOWS\System32\PSAPI.DLL
0x00007ffd97c10000 - 0x00007ffd97c19000 	C:\WINDOWS\SYSTEM32\WSOCK32.dll
0x00007ffdae570000 - 0x00007ffdae5db000 	C:\WINDOWS\System32\WS2_32.dll
0x00007ffda47d0000 - 0x00007ffda47da000 	C:\WINDOWS\SYSTEM32\VERSION.dll
0x00007ffd9ea30000 - 0x00007ffd9ea57000 	C:\WINDOWS\SYSTEM32\WINMM.dll
0x00007ffdaa750000 - 0x00007ffdaa762000 	C:\WINDOWS\SYSTEM32\kernel.appcore.dll
0x00007ffda0760000 - 0x00007ffda0771000 	C:\Program Files\Android\Android Studio\jre\bin\verify.dll
0x00007ffda9c60000 - 0x00007ffda9e44000 	C:\WINDOWS\SYSTEM32\DBGHELP.DLL
0x00007ffd940c0000 - 0x00007ffd940f4000 	C:\WINDOWS\SYSTEM32\dbgcore.DLL
0x00007ffdac2b0000 - 0x00007ffdac332000 	C:\WINDOWS\System32\bcryptPrimitives.dll
0x00007ffd98040000 - 0x00007ffd98069000 	C:\Program Files\Android\Android Studio\jre\bin\java.dll
0x00007ffda7340000 - 0x00007ffda734b000 	C:\Program Files\Android\Android Studio\jre\bin\jimage.dll
0x00007ffd9f7c0000 - 0x00007ffd9f7d8000 	C:\Program Files\Android\Android Studio\jre\bin\zip.dll

dbghelp: loaded successfully - version: 4.0.5 - missing functions: none
symbol engine: initialized successfully - sym options: 0x614 - pdb path: .;C:\Program Files\Android\Android Studio\jre\bin;C:\WINDOWS\SYSTEM32;C:\WINDOWS\WinSxS\amd64_microsoft.windows.common-controls_6595b64144ccf1df_6.0.19041.1110_none_60b5254171f9507e;C:\Program Files\Android\Android Studio\jre\bin\server

VM Arguments:
jvm_args: -Xmx64m -Xms64m -Dorg.gradle.appname=gradlew 
java_command: org.gradle.wrapper.GradleWrapperMain app:installDebug -PreactNativeDevServerPort=8081
java_class_path (initial): D:\app\mobile-tatas-cli\android\\gradle\wrapper\gradle-wrapper.jar
Launcher Type: SUN_STANDARD

[Global flags]
     intx CICompilerCount                          = 3                                         {product} {ergonomic}
     uint ConcGCThreads                            = 1                                         {product} {ergonomic}
     uint G1ConcRefinementThreads                  = 4                                         {product} {ergonomic}
   size_t G1HeapRegionSize                         = 1048576                                   {product} {ergonomic}
    uintx GCDrainStackTargetSize                   = 64                                        {product} {ergonomic}
   size_t InitialHeapSize                          = 67108864                                  {product} {command line}
   size_t MarkStackSize                            = 4194304                                   {product} {ergonomic}
   size_t MaxHeapSize                              = 67108864                                  {product} {command line}
   size_t MinHeapDeltaBytes                        = 1048576                                   {product} {ergonomic}
    uintx NonNMethodCodeHeapSize                   = 5830732                                {pd product} {ergonomic}
    uintx NonProfiledCodeHeapSize                  = 122913754                              {pd product} {ergonomic}
    uintx ProfiledCodeHeapSize                     = 122913754                              {pd product} {ergonomic}
    uintx ReservedCodeCacheSize                    = 251658240                              {pd product} {ergonomic}
     bool SegmentedCodeCache                       = true                                      {product} {ergonomic}
     bool UseCompressedClassPointers               = true                                 {lp64_product} {ergonomic}
     bool UseCompressedOops                        = true                                 {lp64_product} {ergonomic}
     bool UseG1GC                                  = true                                      {product} {ergonomic}
     bool UseLargePagesIndividualAllocation        = false                                  {pd product} {ergonomic}

Logging:
Log output configuration:
 #0: stdout all=warning uptime,level,tags
 #1: stderr all=off uptime,level,tags

Environment Variables:
JAVA_HOME=C:\Program Files\Android\Android Studio\jre
CLASSPATH=D:\app\mobile-tatas-cli\android\\gradle\wrapper\gradle-wrapper.jar
PATH=D:\app\mobile-tatas-cli\android\node_modules\.bin;D:\app\mobile-tatas-cli\node_modules\.bin;D:\app\node_modules\.bin;D:\node_modules\.bin;C:\laragon\bin\nodejs\node-v16.14.2-win-x64;D:\app\mobile-tatas-cli\node_modules\.bin;D:\app\mobile-tatas-cli\node_modules\.bin;D:\app\node_modules\.bin;D:\node_modules\.bin;C:\laragon\bin\nodejs\node-v16.14.2-win-x64\node_modules\npm\node_modules\@npmcli\run-script\lib\node-gyp-bin;D:\app\mobile-tatas-cli\node_modules\.bin;D:\app\node_modules\.bin;D:\node_modules\.bin;C:\laragon\bin\nodejs\node-v16.14.2-win-x64;D:\app\mobile-tatas-cli\node_modules\.bin;D:\app\node_modules\.bin;D:\node_modules\.bin;C:\laragon\bin\nodejs\node-v16.14.2-win-x64\node_modules\npm\node_modules\@npmcli\run-script\lib\node-gyp-bin;C:\Users\ASUS\bin;C:\Program Files\Git\mingw64\bin;C:\Program Files\Git\usr\local\bin;C:\Program Files\Git\usr\bin;C:\Program Files\Git\usr\bin;C:\Program Files\Git\mingw64\bin;C:\Program Files\Git\usr\bin;C:\Users\ASUS\bin;C:\Program Files\Microsoft\jdk-11.0.18.10-hotspot\bin;C:\ProgramData\Oracle\Java\javapath;C:\Program Files (x86)\Common Files\Intel\Shared Libraries\redist\intel64\compiler;C:\Program Files (x86)\Common Files\Intel\Shared Files\cpp\bin\Intel64;C:\Windows\system32;C:\Windows;C:\Windows\System32\Wbem;C:\Windows\System32\WindowsPowerShell\v1.0;C:\Program Files (x86)\NVIDIA Corporation\PhysX\Common;C:\WINDOWS\system32;C:\WINDOWS;C:\WINDOWS\System32\Wbem;C:\WINDOWS\System32\WindowsPowerShell\v1.0;C:\WINDOWS\System32\OpenSSH;C:\mingw-w64\mingw64\bin;C:\Program Files (x86)\QuickTime Alternative\QTSystem;?D;C:\Program Files\Git\gradle-6.4\bin;C:\Windows\System32;C:\Program Files\PuTTY;C:\laragon\bin\php\php-8.1.3-Win32-vs16-x64;C:\composer;C:\oraclexe\app\oracle\product\10.2.0\server\bin;C:\Users\ASUS\AppData\Local\Microsoft\WindowsApps;C:\Users\ASUS\AppData\Local\Programs\Microsoft VS Cod;C:\Users\ASUS\AppData\Ro;C:\Program Files\dotnet;C:\Users\ASUS\AppData\Roaming\Composer\vendor\bin;D:\Program Files\MATHLAB\R20
USERNAME=ASUS
SHELL=C:\Program Files\Git\usr\bin\bash.exe
DISPLAY=needs-to-be-defined
LANG=en_US.UTF-8
OS=Windows_NT
PROCESSOR_IDENTIFIER=Intel64 Family 6 Model 78 Stepping 3, GenuineIntel



---------------  S Y S T E M  ---------------

OS: Windows 10 , 64 bit Build 19041 (10.0.19041.2913)
OS uptime: 6 days 9:09 hours

CPU:total 4 (initial active 4) (2 cores per cpu, 2 threads per core) family 6 model 78 stepping 3 microcode 0xcc, cmov, cx8, fxsr, mmx, sse, sse2, sse3, ssse3, sse4.1, sse4.2, popcnt, avx, avx2, aes, clmul, erms, 3dnowpref, lzcnt, ht, tsc, tscinvbit, bmi1, bmi2, adx, fma

Memory: 4k page, system-wide physical 8091M (449M free)
TotalPageFile size 10139M (AvailPageFile size 6M)
current process WorkingSet (physical memory assigned to process): 10M, peak: 10M
current process commit charge ("private bytes"): 51M, peak: 115M

vm_info: OpenJDK 64-Bit Server VM (11.0.13+0-b1751.21-8125866) for windows-amd64 JRE (11.0.13+0-b1751.21-8125866), built on Feb  2 2022 03:00:22 by "builder" with MS VC++ 14.0 (VS2015)

END.
